
Allocating common symbols
Common symbol       size              file

netbufpool          0x4               binaries/net.o
tmp                 0x4               binaries/control_reg.o
readylist           0x2               binaries/ready.o
rfltab              0x5a0             binaries/rflinit.o
netportseed         0x8               binaries/net.o
sleepq              0x2               binaries/clkinit.o
nnames              0x4               binaries/naminit.o
udptab              0x168             binaries/udp.o
minheap             0x4               binaries/meminit.o
marks               0x50              binaries/mark.o
currpid             0x4               binaries/initialize.o
Lf_data             0x20c             binaries/lfsinit.o
porttab             0x2d0             binaries/ptinit.o
girmask             0x2               binaries/evec.o
ttytab              0x110             binaries/ttyinit.o
proctab             0x1770            binaries/initialize.o
prcount             0x4               binaries/initialize.o
lfltab              0xf00             binaries/lflinit.o
rdstab              0x7c              binaries/rdsinit.o
ethertab            0x130             binaries/ethinit.o
NetData             0xb0              binaries/net.o
nmarks              0x4               binaries/mark.o
initsp              0x4               binaries/i386.o
Defer               0x8               binaries/resched.o
semtab              0x4b0             binaries/initialize.o
maxheap             0x4               binaries/meminit.o
preempt             0x4               binaries/clkinit.o
buftab              0xf0              binaries/bufinit.o
Rf_data             0x18              binaries/rfsinit.o
mkmutex             0x4               binaries/mark.o
clktime             0x4               binaries/clkinit.o
arpcache            0x140             binaries/arp.o
icmptab             0x230             binaries/icmp.o
nbpools             0x4               binaries/bufinit.o
queuetab            0x980             binaries/queue.o
ptnextid            0x4               binaries/ptinit.o
Ram                 0x19000           binaries/raminit.o
ipoqueue            0x2c              binaries/ip.o
memlist             0x8               binaries/initialize.o
nametab             0x5200            binaries/naminit.o
ptfree              0x4               binaries/ptinit.o

Memory Configuration

Name             Origin             Length             Attributes
*default*        0x0000000000000000 0xffffffffffffffff

Linker script and memory map

                0x0000000000100000                physbase = 0x100000
                0x0000000000100000                . = physbase
                0x0000000000100000                . = ALIGN (0x1000)

.text           0x0000000000100000    0x1c000
                0x0000000000100000                text = ABSOLUTE (.)
 *(.text .text.*)
 .text          0x0000000000100000      0x165 binaries/start.o
                0x0000000000100020                entry
                0x000000000010003d                start
                0x00000000001000a5                inb
                0x00000000001000ad                inw
                0x00000000001000b6                inl
                0x00000000001000be                outb
                0x00000000001000c8                outw
                0x00000000001000d3                outl
                0x00000000001000dd                _rtcin
                0x00000000001000e8                ___udivsi3
                0x00000000001000f3                ___divsi3
                0x00000000001000ff                sbzero
                0x000000000010010f                bcopy
                0x0000000000100123                insw
                0x0000000000100139                outsw
                0x000000000010014f                lidt
                0x0000000000100157                jumptocode
                0x000000000010015e                jumptobootcode
 .text          0x0000000000100165      0x405 binaries/ascdate.o
                0x0000000000100165                ascdate
 .text          0x000000000010056a       0x14 binaries/bufinit.o
                0x000000000010056a                bufinit
 .text          0x000000000010057e       0x89 binaries/chprio.o
                0x000000000010057e                chprio
 .text          0x0000000000100607       0x96 binaries/clkhandler.o
                0x0000000000100607                clkhandler
 .text          0x000000000010069d       0x89 binaries/clkinit.o
                0x000000000010069d                clkinit
 .text          0x0000000000100726       0x6a binaries/close.o
                0x0000000000100726                close
 .text          0x0000000000100790        0x0 binaries/conf.o
 .text          0x0000000000100790       0x7f binaries/control.o
                0x0000000000100790                control
 .text          0x000000000010080f      0x169 binaries/control_reg.o
                0x000000000010080f                read_cr0
                0x000000000010083f                read_cr2
                0x000000000010086f                read_cr3
                0x000000000010089f                read_cr4
                0x00000000001008cf                write_cr0
                0x00000000001008fc                write_cr3
                0x0000000000100929                write_cr4
                0x0000000000100956                enable_paging
 .text          0x0000000000100978      0x2b0 binaries/create.o
                0x0000000000100978                create
 .text          0x0000000000100c28      0x363 binaries/evec.o
                0x0000000000100c28                initevec
                0x0000000000100c7e                set_evec
                0x0000000000100d20                trap
 .text          0x0000000000100f8b       0x15 binaries/exit.o
                0x0000000000100f8b                exit
 .text          0x0000000000100fa0       0x82 binaries/freebuf.o
                0x0000000000100fa0                freebuf
 .text          0x0000000000101022      0x167 binaries/freemem.o
                0x0000000000101022                freemem
 .text          0x0000000000101189       0x80 binaries/getbuf.o
                0x0000000000101189                getbuf
 .text          0x0000000000101209       0x6a binaries/getc.o
                0x0000000000101209                getc
 .text          0x0000000000101273       0x72 binaries/getdev.o
                0x0000000000101273                getdev
 .text          0x00000000001012e5       0xc8 binaries/getitem.o
                0x00000000001012e5                getfirst
                0x0000000000101326                getlast
                0x0000000000101369                getitem
 .text          0x00000000001013ad       0xfb binaries/getmem.o
                0x00000000001013ad                getmem
 .text          0x00000000001014a8        0xa binaries/getpid.o
                0x00000000001014a8                getpid
 .text          0x00000000001014b2       0x71 binaries/getprio.o
                0x00000000001014b2                getprio
 .text          0x0000000000101523       0xf2 binaries/getstk.o
                0x0000000000101523                getstk
 .text          0x0000000000101615       0x16 binaries/getticks.o
                0x0000000000101615                getticks
 .text          0x000000000010162b       0x36 binaries/gettime.o
                0x000000000010162b                gettime
 .text          0x0000000000101661      0x1f5 binaries/getutime.o
                0x0000000000101661                getutime
 .text          0x0000000000101856      0x410 binaries/i386.o
                0x0000000000101856                setsegs
                0x0000000000101974                init8259
                0x0000000000101a49                pseg
                0x0000000000101c0c                setirmask
 .text          0x0000000000101c66       0x6a binaries/init.o
                0x0000000000101c66                init
 .text          0x0000000000101cd0      0x7db binaries/initialize.o
                0x0000000000101cd0                nulluser
                0x0000000000102070                stop
                0x0000000000102097                delay
 .text          0x00000000001024ab       0xdb binaries/insert.o
                0x00000000001024ab                insert
 .text          0x0000000000102586      0x10d binaries/insertd.o
                0x0000000000102586                insertd
 .text          0x0000000000102693        0xa binaries/ioerr.o
                0x0000000000102693                ioerr
 .text          0x000000000010269d        0xa binaries/ionull.o
                0x000000000010269d                ionull
 .text          0x00000000001026a7      0x184 binaries/kill.o
                0x00000000001026a7                kill
 .text          0x000000000010282b      0x17b binaries/kprintf.o
                0x000000000010282b                kputc
                0x00000000001028d4                kgetc
                0x0000000000102979                kprintf
 .text          0x00000000001029a6       0xe7 binaries/main.o
                0x00000000001029a6                main
 .text          0x0000000000102a8d       0xac binaries/mark.o
                0x0000000000102a8d                markinit
                0x0000000000102ab0                mark
 .text          0x0000000000102b39       0xc0 binaries/meminit.o
                0x0000000000102b39                meminit
 .text          0x0000000000102bf9      0x15f binaries/mkbufpool.o
                0x0000000000102bf9                mkbufpool
 .text          0x0000000000102d58       0x94 binaries/newqueue.o
                0x0000000000102d58                newqueue
 .text          0x0000000000102dec       0x78 binaries/open.o
                0x0000000000102dec                open
 .text          0x0000000000102e64       0x20 binaries/panic.o
                0x0000000000102e64                panic
 .text          0x0000000000102e84      0x498 binaries/pci.o
                0x0000000000102e84                pci_init
                0x0000000000103150                find_pci_device
                0x000000000010319e                pci_bios_read_config_byte
                0x00000000001031dd                pci_bios_read_config_word
                0x000000000010321f                pci_bios_read_config_dword
                0x000000000010325e                pci_bios_write_config_byte
                0x000000000010329f                pci_bios_write_config_word
                0x00000000001032e1                pci_bios_write_config_dword
 .text          0x000000000010331c       0xe6 binaries/ptclear.o
                0x000000000010331c                _ptclear
 .text          0x0000000000103402       0x8f binaries/ptcount.o
                0x0000000000103402                ptcount
 .text          0x0000000000103491      0x105 binaries/ptcreate.o
                0x0000000000103491                ptcreate
 .text          0x0000000000103596       0x80 binaries/ptdelete.o
                0x0000000000103596                ptdelete
 .text          0x0000000000103616       0xb7 binaries/ptinit.o
                0x0000000000103616                ptinit
 .text          0x00000000001036cd      0x10a binaries/ptrecv.o
                0x00000000001036cd                ptrecv
 .text          0x00000000001037d7       0x78 binaries/ptreset.o
                0x00000000001037d7                ptreset
 .text          0x000000000010384f      0x128 binaries/ptsend.o
                0x000000000010384f                ptsend
 .text          0x0000000000103977       0x78 binaries/putc.o
                0x0000000000103977                putc
 .text          0x00000000001039ef      0x10a binaries/queue.o
                0x00000000001039ef                enqueue
                0x0000000000103a90                dequeue
 .text          0x0000000000103af9       0x78 binaries/read.o
                0x0000000000103af9                read
 .text          0x0000000000103b71       0x7d binaries/ready.o
                0x0000000000103b71                ready
 .text          0x0000000000103bee       0x5d binaries/receive.o
                0x0000000000103bee                receive
 .text          0x0000000000103c4b       0x59 binaries/recvclr.o
                0x0000000000103c4b                recvclr
 .text          0x0000000000103ca4       0xb8 binaries/recvtime.o
                0x0000000000103ca4                recvtime
 .text          0x0000000000103d5c      0x165 binaries/resched.o
                0x0000000000103d5c                resched
                0x0000000000103e4c                resched_cntl
 .text          0x0000000000103ec1       0xa0 binaries/resume.o
                0x0000000000103ec1                resume
 .text          0x0000000000103f61       0x71 binaries/seek.o
                0x0000000000103f61                seek
 .text          0x0000000000103fd2       0x69 binaries/semcount.o
                0x0000000000103fd2                semcount
 .text          0x000000000010403b       0xcf binaries/semcreate.o
                0x000000000010403b                semcreate
 .text          0x000000000010410a       0xba binaries/semdelete.o
                0x000000000010410a                semdelete
 .text          0x00000000001041c4       0xbc binaries/semreset.o
                0x00000000001041c4                semreset
 .text          0x0000000000104280       0xd6 binaries/send.o
                0x0000000000104280                send
 .text          0x0000000000104356       0x97 binaries/signal.o
                0x0000000000104356                signal
 .text          0x00000000001043ed       0xc3 binaries/signaln.o
                0x00000000001043ed                signaln
 .text          0x00000000001044b0       0xe3 binaries/sleep.o
                0x00000000001044b0                sleep
                0x00000000001044fa                sleepms
 .text          0x0000000000104593      0x1ad binaries/stacktrace.o
                0x0000000000104593                stacktrace
 .text          0x0000000000104740       0xd6 binaries/suspend.o
                0x0000000000104740                suspend
 .text          0x0000000000104816       0xd8 binaries/unsleep.o
                0x0000000000104816                unsleep
 .text          0x00000000001048ee       0x15 binaries/userret.o
                0x00000000001048ee                userret
 .text          0x0000000000104903       0xd1 binaries/wait.o
                0x0000000000104903                wait
 .text          0x00000000001049d4       0x68 binaries/wakeup.o
                0x00000000001049d4                wakeup
 .text          0x0000000000104a3c       0x78 binaries/write.o
                0x0000000000104a3c                write
 .text          0x0000000000104ab4       0x19 binaries/xdone.o
                0x0000000000104ab4                xdone
 .text          0x0000000000104acd       0x25 binaries/yield.o
                0x0000000000104acd                yield
 .text          0x0000000000104af2       0x11 binaries/abs.o
                0x0000000000104af2                abs
 .text          0x0000000000104b03       0x8f binaries/atoi.o
                0x0000000000104b03                atoi
 .text          0x0000000000104b92       0x8f binaries/atol.o
                0x0000000000104b92                atol
 .text          0x0000000000104c21       0x31 binaries/bzero.o
                0x0000000000104c21                bzero
 .text          0x0000000000104c52        0x0 binaries/ctype_.o
 .text          0x0000000000104c52      0x8f8 binaries/doprnt.o
                0x0000000000104c52                _doprnt
 .text          0x000000000010554a      0x6a2 binaries/doscan.o
                0x000000000010554a                _doscan
 .text          0x0000000000105bec      0x723 binaries/fdoprnt.o
                0x0000000000105bec                _fdoprnt
 .text          0x000000000010630f       0x26 binaries/fgetc.o
                0x000000000010630f                fgetc
 .text          0x0000000000106335       0x72 binaries/fgets.o
                0x0000000000106335                fgets
 .text          0x00000000001063a7       0x34 binaries/fprintf.o
                0x00000000001063a7                fprintf
 .text          0x00000000001063db       0x2c binaries/fputc.o
                0x00000000001063db                fputc
 .text          0x0000000000106407       0x43 binaries/fputs.o
                0x0000000000106407                fputs
 .text          0x000000000010644a       0x92 binaries/fscanf.o
                0x000000000010644a                fscanf
 .text          0x00000000001064dc       0x2a binaries/getchar.o
                0x00000000001064dc                getchar
 .text          0x0000000000106506       0x11 binaries/labs.o
                0x0000000000106506                labs
 .text          0x0000000000106517       0x51 binaries/memcmp.o
                0x0000000000106517                memcmp
 .text          0x0000000000106568       0x3f binaries/memcpy.o
                0x0000000000106568                memcpy
 .text          0x00000000001065a7       0x30 binaries/memset.o
                0x00000000001065a7                memset
 .text          0x00000000001065d7       0x4d binaries/printf.o
                0x00000000001065d7                printf
 .text          0x0000000000106624       0x31 binaries/putchar.o
                0x0000000000106624                putchar
 .text          0x0000000000106655      0x28c binaries/qsort.o
                0x0000000000106655                qsort
 .text          0x00000000001068e1       0x5f binaries/rand.o
                0x00000000001068e1                rand
                0x00000000001068f5                rand_r
                0x0000000000106933                srand
 .text          0x0000000000106940       0x6f binaries/sprintf.o
                0x0000000000106940                sprintf
 .text          0x00000000001069af       0x7f binaries/sscanf.o
                0x00000000001069af                sscanf
 .text          0x0000000000106a2e       0x3c binaries/strchr.o
                0x0000000000106a2e                strchr
 .text          0x0000000000106a6a       0x45 binaries/strcmp.o
                0x0000000000106a6a                strcmp
 .text          0x0000000000106aaf       0x27 binaries/strcpy.o
                0x0000000000106aaf                strcpy
 .text          0x0000000000106ad6       0x26 binaries/strlen.o
                0x0000000000106ad6                strlen
 .text          0x0000000000106afc       0x56 binaries/strncat.o
                0x0000000000106afc                strncat
 .text          0x0000000000106b52       0x5e binaries/strncmp.o
                0x0000000000106b52                strncmp
 .text          0x0000000000106bb0       0x4f binaries/strncpy.o
                0x0000000000106bb0                strncpy
 .text          0x0000000000106bff       0x2e binaries/strnlen.o
                0x0000000000106bff                strnlen
 .text          0x0000000000106c2d       0x45 binaries/strrchr.o
                0x0000000000106c2d                strrchr
 .text          0x0000000000106c72       0x6d binaries/strstr.o
                0x0000000000106c72                strstr
 .text          0x0000000000106cdf       0xd8 binaries/ttycontrol.o
                0x0000000000106cdf                ttycontrol
 .text          0x0000000000106db7       0x93 binaries/ttygetc.o
                0x0000000000106db7                ttygetc
 .text          0x0000000000106e4a      0x756 binaries/ttyhandle_in.o
                0x0000000000106e4a                ttyhandle_in
 .text          0x00000000001075a0      0x19f binaries/ttyhandle_out.o
                0x00000000001075a0                ttyhandle_out
 .text          0x000000000010773f       0xc6 binaries/ttyhandler.o
                0x000000000010773f                ttyhandler
 .text          0x0000000000107805      0x22b binaries/ttyinit.o
                0x0000000000107805                ttyinit
 .text          0x0000000000107a30       0x1d binaries/ttykickout.o
                0x0000000000107a30                ttykickout
 .text          0x0000000000107a4d       0xb2 binaries/ttyputc.o
                0x0000000000107a4d                ttyputc
 .text          0x0000000000107aff      0x10f binaries/ttyread.o
                0x0000000000107aff                ttyread
 .text          0x0000000000107c0e       0x4f binaries/ttywrite.o
                0x0000000000107c0e                ttywrite
 .text          0x0000000000107c5d      0x16a binaries/mount.o
                0x0000000000107c5d                mount
                0x0000000000107d91                namlen
 .text          0x0000000000107dc7      0x229 binaries/naminit.o
                0x0000000000107dc7                naminit
 .text          0x0000000000107ff0      0x216 binaries/nammap.o
                0x0000000000107ff0                nammap
                0x0000000000108081                namrepl
                0x00000000001081b6                namcpy
 .text          0x0000000000108206       0x55 binaries/namopen.o
                0x0000000000108206                namopen
 .text          0x000000000010825b      0xfa3 binaries/82545EMInit.o
                0x00000000001082b2                _82545EMInit
                0x0000000000109058                _82545EM_read_phy_reg
                0x0000000000109127                _82545EM_write_phy_reg
 .text          0x00000000001091fe      0x24c binaries/ethcontrol.o
                0x0000000000109255                ethcontrol
                0x00000000001093d2                ethIrqDisable
                0x000000000010940e                ethIrqEnable
 .text          0x000000000010944a      0x241 binaries/ethhandler.o
                0x00000000001095bb                ethhandler
 .text          0x000000000010968b      0x122 binaries/ethinit.o
                0x000000000010968b                ethinit
 .text          0x00000000001097ad      0x1f0 binaries/ethread.o
                0x0000000000109804                ethread
 .text          0x000000000010999d      0x19a binaries/ethwrite.o
                0x00000000001099f4                ethwrite
 .text          0x0000000000109b37      0x2c1 binaries/rdscomm.o
                0x0000000000109b37                rdscomm
 .text          0x0000000000109df8      0x21b binaries/rdscontrol.o
                0x0000000000109df8                rdscontrol
 .text          0x000000000010a013       0x4e binaries/rdsinit.o
                0x000000000010a013                rdsinit
 .text          0x000000000010a061      0x385 binaries/rdsopen.o
                0x000000000010a061                rdsopen
 .text          0x000000000010a3e6      0x40d binaries/rdsprocess.o
                0x000000000010a3e6                rdsprocess
 .text          0x000000000010a7f3      0x5b2 binaries/rdsqfcns.o
                0x000000000010a7f3                rdqunlink
                0x000000000010a895                rdqinsert
                0x000000000010a8ea                rdcunlink
                0x000000000010a994                rdcinsert
                0x000000000010aa75                edqdump
                0x000000000010ac31                edcdump
 .text          0x000000000010ada5      0x1d7 binaries/rdsread.o
                0x000000000010ada5                rdsread
 .text          0x000000000010af7c       0x58 binaries/rdssetprio.o
                0x000000000010af7c                rdssetprio
 .text          0x000000000010afd4      0x117 binaries/rdswrite.o
                0x000000000010afd4                rdswrite
 .text          0x000000000010b0eb        0xa binaries/ramclose.o
                0x000000000010b0eb                ramclose
 .text          0x000000000010b0f5       0x45 binaries/raminit.o
                0x000000000010b0f5                raminit
 .text          0x000000000010b13a        0xa binaries/ramopen.o
                0x000000000010b13a                ramopen
 .text          0x000000000010b144       0x35 binaries/ramread.o
                0x000000000010b144                ramread
 .text          0x000000000010b179       0x36 binaries/ramwrite.o
                0x000000000010b179                ramwrite
 .text          0x000000000010b1af       0x9e binaries/lfdballoc.o
                0x000000000010b1af                lfdballoc
 .text          0x000000000010b24d       0x62 binaries/lfdbfree.o
                0x000000000010b24d                lfdbfree
 .text          0x000000000010b2af       0xbf binaries/lfflush.o
                0x000000000010b2af                lfflush
 .text          0x000000000010b36e       0xd8 binaries/lfgetmode.o
                0x000000000010b36e                lfgetmode
 .text          0x000000000010b446       0x6c binaries/lfiballoc.o
                0x000000000010b446                lfiballoc
 .text          0x000000000010b4b2       0x3b binaries/lfibclear.o
                0x000000000010b4b2                lfibclear
 .text          0x000000000010b4ed       0xae binaries/lfibget.o
                0x000000000010b4ed                lfibget
 .text          0x000000000010b59b       0xe0 binaries/lfibput.o
                0x000000000010b59b                lfibput
 .text          0x000000000010b67b       0x93 binaries/lflclose.o
                0x000000000010b67b                lflclose
 .text          0x000000000010b70e       0xb5 binaries/lflcontrol.o
                0x000000000010b70e                lflcontrol
 .text          0x000000000010b7c3       0xdf binaries/lflgetc.o
                0x000000000010b7c3                lflgetc
 .text          0x000000000010b8a2       0xfb binaries/lflinit.o
                0x000000000010b8a2                lflinit
 .text          0x000000000010b99d      0x10f binaries/lflputc.o
                0x000000000010b99d                lflputc
 .text          0x000000000010baac       0x6d binaries/lflread.o
                0x000000000010baac                lflread
 .text          0x000000000010bb19       0x9c binaries/lflseek.o
                0x000000000010bb19                lflseek
 .text          0x000000000010bbb5       0x55 binaries/lflwrite.o
                0x000000000010bbb5                lflwrite
 .text          0x000000000010bc0a       0x62 binaries/lfscheck.o
                0x000000000010bc0a                lfscheck
 .text          0x000000000010bc6c      0x176 binaries/lfsckfmt.o
                0x000000000010bc6c                lfsckfmt
 .text          0x000000000010bde2      0x221 binaries/lfscreate.o
                0x000000000010bde2                lfscreate
 .text          0x000000000010c003      0x282 binaries/lfsetup.o
                0x000000000010c003                lfsetup
 .text          0x000000000010c285       0x55 binaries/lfsinit.o
                0x000000000010c285                lfsinit
 .text          0x000000000010c2da      0x3cb binaries/lfsopen.o
                0x000000000010c2da                lfsopen
 .text          0x000000000010c6a5      0x161 binaries/lftruncate.o
                0x000000000010c6a5                lftruncate
 .text          0x000000000010c806      0x1a5 binaries/rflclose.o
                0x000000000010c806                rflclose
 .text          0x000000000010c9ab       0x5d binaries/rflgetc.o
                0x000000000010c9ab                rflgetc
 .text          0x000000000010ca08       0x76 binaries/rflinit.o
                0x000000000010ca08                rflinit
 .text          0x000000000010ca7e       0x39 binaries/rflputc.o
                0x000000000010ca7e                rflputc
 .text          0x000000000010cab7      0x386 binaries/rflread.o
                0x000000000010cab7                rflread
 .text          0x000000000010ce3d       0x68 binaries/rflseek.o
                0x000000000010ce3d                rflseek
 .text          0x000000000010cea5      0x336 binaries/rflwrite.o
                0x000000000010cea5                rflwrite
 .text          0x000000000010d1db      0x22f binaries/rfscomm.o
                0x000000000010d1db                rfscomm
 .text          0x000000000010d40a      0x258 binaries/rfscontrol.o
                0x000000000010d40a                rfscontrol
 .text          0x000000000010d662       0xd8 binaries/rfsgetmode.o
                0x000000000010d662                rfsgetmode
 .text          0x000000000010d73a       0x61 binaries/rfsinit.o
                0x000000000010d73a                rfsinit
 .text          0x000000000010d79b      0x128 binaries/rfsndmsg.o
                0x000000000010d79b                rfsndmsg
 .text          0x000000000010d8c3      0x28d binaries/rfsopen.o
                0x000000000010d8c3                rfsopen
 .text          0x000000000010db50      0x855 binaries/arp.o
                0x000000000010db50                arp_init
                0x000000000010db82                arp_resolve
                0x000000000010de4f                arp_in
                0x000000000010e101                arp_alloc
                0x000000000010e1cd                arp_ntoh
                0x000000000010e2b9                arp_hton
 .text          0x000000000010e3a5      0x947 binaries/dhcp.o
                0x000000000010e3a5                dhcp_get_opt_val
                0x000000000010e3fe                dhcp_bld_bootp_msg
                0x000000000010e528                dhcp_bld_disc
                0x000000000010e60e                dhcp_bld_req
                0x000000000010e78b                getlocalip
 .text          0x000000000010ecec      0x6e3 binaries/dns.o
                0x000000000010ecec                dnslookup
 .text          0x000000000010f3cf       0xe0 binaries/dot2ip.o
                0x000000000010f3cf                dot2ip
 .text          0x000000000010f4af      0x468 binaries/hexdump.o
                0x000000000010f4af                hexdump
                0x000000000010f632                hexadump
 .text          0x000000000010f917      0x8c4 binaries/icmp.o
                0x000000000010f917                icmp_init
                0x000000000010f94d                icmp_in
                0x000000000010fb55                icmp_register
                0x000000000010fc47                icmp_recv
                0x000000000010fdc0                icmp_send
                0x000000000010fe55                icmp_mkpkt
                0x000000000010ff70                icmp_release
                0x0000000000110060                icmp_cksum
                0x00000000001100f3                icmp_hton
                0x0000000000110167                icmp_ntoh
 .text          0x00000000001101db      0x81d binaries/ip.o
                0x00000000001101db                ip_in
                0x0000000000110327                ip_send
                0x0000000000110469                ip_local
                0x00000000001104ac                ip_out
                0x00000000001105d9                ipcksum
                0x000000000011065f                ip_ntoh
                0x000000000011074b                ip_hton
                0x0000000000110837                ipout
                0x0000000000110959                ip_enqueue
 .text          0x00000000001109f8      0x2ed binaries/net.o
                0x00000000001109f8                net_init
                0x0000000000110b50                netin
                0x0000000000110bfc                eth_hton
                0x0000000000110c26                eth_ntoh
                0x0000000000110c50                getport
 .text          0x0000000000110ce5     0x1539 binaries/pdump.o
                0x0000000000110ce5                pdump
                0x0000000000111b01                pdumph
 .text          0x000000000011221e      0x64a binaries/tftp.o
                0x000000000011221e                tftp_send1
                0x00000000001123ae                tftpget
                0x00000000001123f0                tftpget_mb
 .text          0x0000000000112868      0xb08 binaries/udp.o
                0x0000000000112868                udp_init
                0x000000000011289c                udp_in
                0x00000000001129d7                udp_register
                0x0000000000112b0b                udp_recv
                0x0000000000112c91                udp_recvaddr
                0x0000000000112e2f                udp_send
                0x0000000000112ffe                udp_sendto
                0x0000000000113199                udp_release
                0x0000000000113286                udp_ntoh
                0x00000000001132fb                udp_hton
 .text          0x0000000000113370      0x135 binaries/addargs.o
                0x0000000000113370                addargs
 .text          0x00000000001134a5      0x2c9 binaries/lexan.o
                0x00000000001134a5                lexan
 .text          0x000000000011376e      0x6e9 binaries/shell.o
                0x000000000011376e                shell
 .text          0x0000000000113e57       0x68 binaries/xsh_argecho.o
                0x0000000000113e57                xsh_argecho
 .text          0x0000000000113ebf      0x23a binaries/xsh_arp.o
                0x0000000000113ebf                xsh_arp
 .text          0x00000000001140f9      0x245 binaries/xsh_cat.o
                0x00000000001140f9                xsh_cat
 .text          0x000000000011433e       0x59 binaries/xsh_clear.o
                0x000000000011433e                xsh_clear
 .text          0x0000000000114397      0x2e0 binaries/xsh_date.o
                0x0000000000114397                xsh_date
 .text          0x0000000000114677       0xab binaries/xsh_devdump.o
                0x0000000000114677                xsh_devdump
 .text          0x0000000000114722       0x6c binaries/xsh_echo.o
                0x0000000000114722                xsh_echo
 .text          0x000000000011478e        0xa binaries/xsh_exit.o
                0x000000000011478e                xsh_exit
 .text          0x0000000000114798      0x368 binaries/xsh_help.o
                0x0000000000114798                xsh_help
 .text          0x0000000000114b00      0x232 binaries/xsh_kill.o
                0x0000000000114b00                xsh_kill
 .text          0x0000000000114d32      0x531 binaries/xsh_ls.o
                0x0000000000114d32                xsh_ls
 .text          0x0000000000115263      0x50a binaries/xsh_memdump.o
                0x0000000000115263                xsh_memdump
 .text          0x000000000011576d      0x293 binaries/xsh_memstat.o
                0x000000000011576d                xsh_memstat
 .text          0x0000000000115a00      0x5ae binaries/xsh_netinfo.o
                0x0000000000115a00                xsh_netinfo
 .text          0x0000000000115fae      0x5e8 binaries/xsh_ns.o
                0x0000000000115fae                xsh_ns
 .text          0x0000000000116596      0x3c7 binaries/xsh_ping.o
                0x0000000000116596                xsh_ping
 .text          0x000000000011695d      0x25a binaries/xsh_ps.o
                0x000000000011695d                xsh_ps
 .text          0x0000000000116bb7      0x20f binaries/xsh_sleep.o
                0x0000000000116bb7                xsh_sleep
 .text          0x0000000000116dc6      0x2b2 binaries/xsh_udpdump.o
                0x0000000000116dc6                xsh_udpdump
 .text          0x0000000000117078      0x578 binaries/xsh_udpecho.o
                0x0000000000117078                xsh_udpecho
 .text          0x00000000001175f0      0x2c6 binaries/xsh_udpserver.o
                0x00000000001175f0                xsh_udpeserver
 .text          0x00000000001178b6      0x1dd binaries/xsh_uptime.o
                0x00000000001178b6                xsh_uptime
 .text          0x0000000000117a93        0xe binaries/clkdisp.o
                0x0000000000117a93                clkdisp
 .text          0x0000000000117aa1       0x19 binaries/ctxsw.o
                0x0000000000117aa1                ctxsw
 .text          0x0000000000117aba      0x368 binaries/intr.o
                0x0000000000117aba                disable
                0x0000000000117ac3                restore
                0x0000000000117ad1                enable
                0x0000000000117ad3                pause
                0x0000000000117ada                halt
                0x0000000000117add                spurious_irq7
                0x0000000000117ae2                spurious_irq15
                0x0000000000117af1                _Xint0
                0x0000000000117afc                _Xint1
                0x0000000000117b07                _Xint2
                0x0000000000117b12                _Xint3
                0x0000000000117b1d                _Xint4
                0x0000000000117b28                _Xint5
                0x0000000000117b33                _Xint6
                0x0000000000117b3e                _Xint7
                0x0000000000117b49                _Xint8
                0x0000000000117b54                _Xint9
                0x0000000000117b5f                _Xint10
                0x0000000000117b6a                _Xint11
                0x0000000000117b78                _Xint12
                0x0000000000117b86                _Xint13
                0x0000000000117b94                _Xint14
                0x0000000000117ba2                _Xint15
                0x0000000000117bb0                _Xint16
                0x0000000000117bbe                _Xint17
                0x0000000000117bcc                _Xint18
                0x0000000000117bda                _Xint19
                0x0000000000117be8                _Xint20
                0x0000000000117bf6                _Xint21
                0x0000000000117c04                _Xint22
                0x0000000000117c12                _Xint23
                0x0000000000117c20                _Xint24
                0x0000000000117c2e                _Xint25
                0x0000000000117c3c                _Xint26
                0x0000000000117c4a                _Xint27
                0x0000000000117c58                _Xint28
                0x0000000000117c66                _Xint29
                0x0000000000117c74                _Xint30
                0x0000000000117c82                _Xint31
                0x0000000000117c90                _Xint32
                0x0000000000117c9e                _Xint33
                0x0000000000117cac                _Xint34
                0x0000000000117cba                _Xint35
                0x0000000000117cc8                _Xint36
                0x0000000000117cd6                _Xint37
                0x0000000000117ce4                _Xint38
                0x0000000000117cf2                _Xint39
                0x0000000000117d00                _Xint40
                0x0000000000117d0e                _Xint41
                0x0000000000117d1c                _Xint42
                0x0000000000117d2a                _Xint43
                0x0000000000117d38                _Xint44
                0x0000000000117d46                _Xint45
                0x0000000000117d54                _Xint46
                0x0000000000117d62                defevec
 .text          0x0000000000117e22        0x8 binaries/pagefault_handler_disp.o
                0x0000000000117e22                pagefault_handler_disp
 .text          0x0000000000117e2a        0xf binaries/ttydispatch.o
                0x0000000000117e2a                ttydispatch
 .text          0x0000000000117e39       0x13 binaries/ethdispatch.o
                0x0000000000117e39                ethdispatch
 *(.rodata .rodata.*)
 .rodata        0x0000000000117e4c       0x8e binaries/ascdate.o
 .rodata        0x0000000000117eda       0xae binaries/conf.o
 .rodata        0x0000000000117f88      0x22f binaries/evec.o
 *fill*         0x00000000001181b7        0x1 
 .rodata        0x00000000001181b8       0x61 binaries/getutime.o
 *fill*         0x0000000000118219        0x3 
 .rodata        0x000000000011821c       0x90 binaries/i386.o
 .rodata        0x00000000001182ac      0x200 binaries/initialize.o
 .rodata        0x00000000001184ac       0x20 binaries/kill.o
 .rodata        0x00000000001184cc       0x2e binaries/main.o
 .rodata        0x00000000001184fa        0xf binaries/panic.o
 *fill*         0x0000000000118509        0x3 
 .rodata        0x000000000011850c      0x1ec binaries/pci.o
 .rodata        0x00000000001186f8       0x1d binaries/ptinit.o
 *fill*         0x0000000000118715        0x3 
 .rodata        0x0000000000118718       0x25 binaries/ptsend.o
 *fill*         0x000000000011873d        0x3 
 .rodata        0x0000000000118740       0xb7 binaries/stacktrace.o
 *fill*         0x00000000001187f7        0x1 
 .rodata        0x00000000001187f8       0x27 binaries/xdone.o
 *fill*         0x000000000011881f        0x1 
 .rodata        0x0000000000118820       0x81 binaries/ctype_.o
                0x0000000000118820                _ctype_
 *fill*         0x00000000001188a1        0x3 
 .rodata        0x00000000001188a4       0xee binaries/doprnt.o
 *fill*         0x0000000000118992        0x2 
 .rodata        0x0000000000118994       0x98 binaries/doscan.o
 .rodata        0x0000000000118a2c       0xae binaries/fdoprnt.o
 *fill*         0x0000000000118ada        0x2 
 .rodata        0x0000000000118adc       0x20 binaries/ttycontrol.o
 .rodata        0x0000000000118afc       0x34 binaries/ttyhandler.o
 .rodata        0x0000000000118b30       0x14 binaries/mount.o
 .rodata        0x0000000000118b44       0x82 binaries/naminit.o
 *fill*         0x0000000000118bc6        0x2 
 .rodata        0x0000000000118bc8       0x2e binaries/82545EMInit.o
 *fill*         0x0000000000118bf6        0x2 
 .rodata        0x0000000000118bf8       0x78 binaries/ethinit.o
 .rodata        0x0000000000118c70       0x18 binaries/ethread.o
 .rodata        0x0000000000118c88       0x76 binaries/rdscomm.o
 *fill*         0x0000000000118cfe        0x2 
 .rodata        0x0000000000118d00       0x21 binaries/rdscontrol.o
 *fill*         0x0000000000118d21        0x3 
 .rodata        0x0000000000118d24       0xae binaries/rdsopen.o
 *fill*         0x0000000000118dd2        0x2 
 .rodata        0x0000000000118dd4       0x3e binaries/rdsprocess.o
 *fill*         0x0000000000118e12        0x2 
 .rodata        0x0000000000118e14       0xe2 binaries/rdsqfcns.o
 .rodata        0x0000000000118ef6        0x9 binaries/raminit.o
 *fill*         0x0000000000118eff        0x1 
 .rodata        0x0000000000118f00       0x36 binaries/lfdballoc.o
 .rodata        0x0000000000118f36       0x14 binaries/lfiballoc.o
 *fill*         0x0000000000118f4a        0x2 
 .rodata        0x0000000000118f4c       0x22 binaries/lflcontrol.o
 *fill*         0x0000000000118f6e        0x2 
 .rodata        0x0000000000118f70      0x118 binaries/lfsckfmt.o
 .rodata        0x0000000000119088       0x66 binaries/lfsopen.o
 *fill*         0x00000000001190ee        0x2 
 .rodata        0x00000000001190f0       0x21 binaries/rflclose.o
 *fill*         0x0000000000119111        0x3 
 .rodata        0x0000000000119114       0x21 binaries/rflread.o
 *fill*         0x0000000000119135        0x3 
 .rodata        0x0000000000119138       0x21 binaries/rflwrite.o
 *fill*         0x0000000000119159        0x3 
 .rodata        0x000000000011915c       0xa1 binaries/rfscomm.o
 *fill*         0x00000000001191fd        0x3 
 .rodata        0x0000000000119200       0x3c binaries/rfscontrol.o
 .rodata        0x000000000011923c       0x2b binaries/rfsinit.o
 *fill*         0x0000000000119267        0x1 
 .rodata        0x0000000000119268       0x2a binaries/rfsndmsg.o
 *fill*         0x0000000000119292        0x2 
 .rodata        0x0000000000119294       0x21 binaries/rfsopen.o
 *fill*         0x00000000001192b5        0x3 
 .rodata        0x00000000001192b8       0x3a binaries/arp.o
 *fill*         0x00000000001192f2        0x2 
 .rodata        0x00000000001192f4       0xcf binaries/dhcp.o
 .rodata        0x00000000001193c3       0x24 binaries/dns.o
 *fill*         0x00000000001193e7        0x1 
 .rodata        0x00000000001193e8       0xc9 binaries/hexdump.o
 *fill*         0x00000000001194b1        0x3 
 .rodata        0x00000000001194b4       0x29 binaries/icmp.o
 *fill*         0x00000000001194dd        0x3 
 .rodata        0x00000000001194e0       0x52 binaries/ip.o
 *fill*         0x0000000000119532        0x2 
 .rodata        0x0000000000119534       0x4f binaries/net.o
 *fill*         0x0000000000119583        0x1 
 .rodata        0x0000000000119584      0x26f binaries/pdump.o
 *fill*         0x00000000001197f3        0x1 
 .rodata        0x00000000001197f4      0x154 binaries/tftp.o
 *fill*         0x0000000000119948       0x18 
 .rodata        0x0000000000119960      0x3f9 binaries/shell.o
                0x0000000000119a00                cmdtab
 .rodata        0x0000000000119d59       0x28 binaries/xsh_argecho.o
 *fill*         0x0000000000119d81        0x3 
 .rodata        0x0000000000119d84      0x123 binaries/xsh_arp.o
 *fill*         0x0000000000119ea7        0x1 
 .rodata        0x0000000000119ea8       0xc9 binaries/xsh_cat.o
 .rodata        0x0000000000119f71       0x19 binaries/xsh_clear.o
 *fill*         0x0000000000119f8a        0x2 
 .rodata        0x0000000000119f8c      0x1c3 binaries/xsh_date.o
 .rodata        0x000000000011a14f       0x5d binaries/xsh_devdump.o
 .rodata        0x000000000011a1ac        0x9 binaries/xsh_echo.o
 *fill*         0x000000000011a1b5        0x3 
 .rodata        0x000000000011a1b8      0x169 binaries/xsh_help.o
 *fill*         0x000000000011a321        0x3 
 .rodata        0x000000000011a324      0x12e binaries/xsh_kill.o
 *fill*         0x000000000011a452        0x2 
 .rodata        0x000000000011a454      0x190 binaries/xsh_ls.o
 .rodata        0x000000000011a5e4      0x266 binaries/xsh_memdump.o
 *fill*         0x000000000011a84a        0x2 
 .rodata        0x000000000011a84c      0x225 binaries/xsh_memstat.o
 *fill*         0x000000000011aa71        0x3 
 .rodata        0x000000000011aa74      0x1b0 binaries/xsh_netinfo.o
 *fill*         0x000000000011ac24       0x1c 
 .rodata        0x000000000011ac40      0x340 binaries/xsh_ns.o
 .rodata        0x000000000011af80      0x19d binaries/xsh_ping.o
 *fill*         0x000000000011b11d        0x3 
 .rodata        0x000000000011b120      0x1e0 binaries/xsh_ps.o
 .rodata        0x000000000011b300       0xeb binaries/xsh_sleep.o
 *fill*         0x000000000011b3eb        0x1 
 .rodata        0x000000000011b3ec      0x1b8 binaries/xsh_udpdump.o
 .rodata        0x000000000011b5a4      0x27d binaries/xsh_udpecho.o
 *fill*         0x000000000011b821        0x3 
 .rodata        0x000000000011b824      0x12b binaries/xsh_udpserver.o
 *fill*         0x000000000011b94f        0x1 
 .rodata        0x000000000011b950      0x105 binaries/xsh_uptime.o
                0x000000000011ba55                etext = ABSOLUTE (.)
                0x000000000011c000                . = ALIGN (0x1000)
 *fill*         0x000000000011ba55      0x5ab 

.eh_frame       0x000000000011c000     0x2e64
 .eh_frame      0x000000000011c000       0x40 binaries/ascdate.o
 .eh_frame      0x000000000011c040       0x20 binaries/bufinit.o
                                         0x38 (size before relaxing)
 .eh_frame      0x000000000011c060       0x20 binaries/chprio.o
                                         0x38 (size before relaxing)
 .eh_frame      0x000000000011c080       0x20 binaries/clkhandler.o
                                         0x38 (size before relaxing)
 .eh_frame      0x000000000011c0a0       0x20 binaries/clkinit.o
                                         0x38 (size before relaxing)
 .eh_frame      0x000000000011c0c0       0x20 binaries/close.o
                                         0x38 (size before relaxing)
 .eh_frame      0x000000000011c0e0       0x20 binaries/control.o
                                         0x38 (size before relaxing)
 .eh_frame      0x000000000011c100      0x100 binaries/control_reg.o
                                        0x118 (size before relaxing)
 .eh_frame      0x000000000011c200       0x40 binaries/create.o
                                         0x58 (size before relaxing)
 .eh_frame      0x000000000011c240       0x60 binaries/evec.o
                                         0x78 (size before relaxing)
 .eh_frame      0x000000000011c2a0       0x20 binaries/exit.o
                                         0x38 (size before relaxing)
 .eh_frame      0x000000000011c2c0       0x20 binaries/freebuf.o
                                         0x38 (size before relaxing)
 .eh_frame      0x000000000011c2e0       0x20 binaries/freemem.o
                                         0x38 (size before relaxing)
 .eh_frame      0x000000000011c300       0x20 binaries/getbuf.o
                                         0x38 (size before relaxing)
 .eh_frame      0x000000000011c320       0x20 binaries/getc.o
                                         0x38 (size before relaxing)
 .eh_frame      0x000000000011c340       0x20 binaries/getdev.o
                                         0x38 (size before relaxing)
 .eh_frame      0x000000000011c360       0x60 binaries/getitem.o
                                         0x78 (size before relaxing)
 .eh_frame      0x000000000011c3c0       0x20 binaries/getmem.o
                                         0x38 (size before relaxing)
 .eh_frame      0x000000000011c3e0       0x20 binaries/getpid.o
                                         0x38 (size before relaxing)
 .eh_frame      0x000000000011c400       0x20 binaries/getprio.o
                                         0x38 (size before relaxing)
 .eh_frame      0x000000000011c420       0x20 binaries/getstk.o
                                         0x38 (size before relaxing)
 .eh_frame      0x000000000011c440       0x20 binaries/getticks.o
                                         0x38 (size before relaxing)
 .eh_frame      0x000000000011c460       0x20 binaries/gettime.o
                                         0x38 (size before relaxing)
 .eh_frame      0x000000000011c480       0x20 binaries/getutime.o
                                         0x38 (size before relaxing)
 .eh_frame      0x000000000011c4a0       0x8c binaries/i386.o
                                         0xa4 (size before relaxing)
 .eh_frame      0x000000000011c52c       0x20 binaries/init.o
                                         0x38 (size before relaxing)
 .eh_frame      0x000000000011c54c       0xc0 binaries/initialize.o
                                         0xd8 (size before relaxing)
 .eh_frame      0x000000000011c60c       0x20 binaries/insert.o
                                         0x38 (size before relaxing)
 .eh_frame      0x000000000011c62c       0x20 binaries/insertd.o
                                         0x38 (size before relaxing)
 .eh_frame      0x000000000011c64c       0x20 binaries/ioerr.o
                                         0x38 (size before relaxing)
 .eh_frame      0x000000000011c66c       0x20 binaries/ionull.o
                                         0x38 (size before relaxing)
 .eh_frame      0x000000000011c68c       0x20 binaries/kill.o
                                         0x38 (size before relaxing)
 .eh_frame      0x000000000011c6ac       0x60 binaries/kprintf.o
                                         0x78 (size before relaxing)
 .eh_frame      0x000000000011c70c       0x1c binaries/main.o
                                         0x34 (size before relaxing)
 .eh_frame      0x000000000011c728       0x40 binaries/mark.o
                                         0x58 (size before relaxing)
 .eh_frame      0x000000000011c768       0x20 binaries/meminit.o
                                         0x38 (size before relaxing)
 .eh_frame      0x000000000011c788       0x20 binaries/mkbufpool.o
                                         0x38 (size before relaxing)
 .eh_frame      0x000000000011c7a8       0x20 binaries/newqueue.o
                                         0x38 (size before relaxing)
 .eh_frame      0x000000000011c7c8       0x20 binaries/open.o
                                         0x38 (size before relaxing)
 .eh_frame      0x000000000011c7e8       0x1c binaries/panic.o
                                         0x34 (size before relaxing)
 .eh_frame      0x000000000011c804      0x1c8 binaries/pci.o
                                        0x1e0 (size before relaxing)
 .eh_frame      0x000000000011c9cc       0x20 binaries/ptclear.o
                                         0x38 (size before relaxing)
 .eh_frame      0x000000000011c9ec       0x20 binaries/ptcount.o
                                         0x38 (size before relaxing)
 .eh_frame      0x000000000011ca0c       0x20 binaries/ptcreate.o
                                         0x38 (size before relaxing)
 .eh_frame      0x000000000011ca2c       0x20 binaries/ptdelete.o
                                         0x38 (size before relaxing)
 .eh_frame      0x000000000011ca4c       0x20 binaries/ptinit.o
                                         0x38 (size before relaxing)
 .eh_frame      0x000000000011ca6c       0x20 binaries/ptrecv.o
                                         0x38 (size before relaxing)
 .eh_frame      0x000000000011ca8c       0x20 binaries/ptreset.o
                                         0x38 (size before relaxing)
 .eh_frame      0x000000000011caac       0x20 binaries/ptsend.o
                                         0x38 (size before relaxing)
 .eh_frame      0x000000000011cacc       0x20 binaries/putc.o
                                         0x38 (size before relaxing)
 .eh_frame      0x000000000011caec       0x40 binaries/queue.o
                                         0x58 (size before relaxing)
 .eh_frame      0x000000000011cb2c       0x20 binaries/read.o
                                         0x38 (size before relaxing)
 .eh_frame      0x000000000011cb4c       0x24 binaries/ready.o
                                         0x3c (size before relaxing)
 .eh_frame      0x000000000011cb70       0x20 binaries/receive.o
                                         0x38 (size before relaxing)
 .eh_frame      0x000000000011cb90       0x20 binaries/recvclr.o
                                         0x38 (size before relaxing)
 .eh_frame      0x000000000011cbb0       0x20 binaries/recvtime.o
                                         0x38 (size before relaxing)
 .eh_frame      0x000000000011cbd0       0x40 binaries/resched.o
                                         0x58 (size before relaxing)
 .eh_frame      0x000000000011cc10       0x20 binaries/resume.o
                                         0x38 (size before relaxing)
 .eh_frame      0x000000000011cc30       0x20 binaries/seek.o
                                         0x38 (size before relaxing)
 .eh_frame      0x000000000011cc50       0x20 binaries/semcount.o
                                         0x38 (size before relaxing)
 .eh_frame      0x000000000011cc70       0x40 binaries/semcreate.o
                                         0x58 (size before relaxing)
 .eh_frame      0x000000000011ccb0       0x20 binaries/semdelete.o
                                         0x38 (size before relaxing)
 .eh_frame      0x000000000011ccd0       0x20 binaries/semreset.o
                                         0x38 (size before relaxing)
 .eh_frame      0x000000000011ccf0       0x20 binaries/send.o
                                         0x38 (size before relaxing)
 .eh_frame      0x000000000011cd10       0x20 binaries/signal.o
                                         0x38 (size before relaxing)
 .eh_frame      0x000000000011cd30       0x20 binaries/signaln.o
                                         0x38 (size before relaxing)
 .eh_frame      0x000000000011cd50       0x40 binaries/sleep.o
                                         0x58 (size before relaxing)
 .eh_frame      0x000000000011cd90       0x20 binaries/stacktrace.o
                                         0x38 (size before relaxing)
 .eh_frame      0x000000000011cdb0       0x20 binaries/suspend.o
                                         0x38 (size before relaxing)
 .eh_frame      0x000000000011cdd0       0x20 binaries/unsleep.o
                                         0x38 (size before relaxing)
 .eh_frame      0x000000000011cdf0       0x20 binaries/userret.o
                                         0x38 (size before relaxing)
 .eh_frame      0x000000000011ce10       0x20 binaries/wait.o
                                         0x38 (size before relaxing)
 .eh_frame      0x000000000011ce30       0x20 binaries/wakeup.o
                                         0x38 (size before relaxing)
 .eh_frame      0x000000000011ce50       0x20 binaries/write.o
                                         0x38 (size before relaxing)
 .eh_frame      0x000000000011ce70       0x20 binaries/xdone.o
                                         0x38 (size before relaxing)
 .eh_frame      0x000000000011ce90       0x20 binaries/yield.o
                                         0x38 (size before relaxing)
 .eh_frame      0x000000000011ceb0       0x20 binaries/abs.o
                                         0x38 (size before relaxing)
 .eh_frame      0x000000000011ced0       0x20 binaries/atoi.o
                                         0x38 (size before relaxing)
 .eh_frame      0x000000000011cef0       0x20 binaries/atol.o
                                         0x38 (size before relaxing)
 .eh_frame      0x000000000011cf10       0x20 binaries/bzero.o
                                         0x38 (size before relaxing)
 .eh_frame      0x000000000011cf30       0xe4 binaries/doprnt.o
                                         0xfc (size before relaxing)
 .eh_frame      0x000000000011d014       0xb0 binaries/doscan.o
                                         0xc8 (size before relaxing)
 .eh_frame      0x000000000011d0c4       0xc0 binaries/fdoprnt.o
                                         0xd8 (size before relaxing)
 .eh_frame      0x000000000011d184       0x20 binaries/fgetc.o
                                         0x38 (size before relaxing)
 .eh_frame      0x000000000011d1a4       0x20 binaries/fgets.o
                                         0x38 (size before relaxing)
 .eh_frame      0x000000000011d1c4       0x20 binaries/fprintf.o
                                         0x38 (size before relaxing)
 .eh_frame      0x000000000011d1e4       0x20 binaries/fputc.o
                                         0x38 (size before relaxing)
 .eh_frame      0x000000000011d204       0x20 binaries/fputs.o
                                         0x38 (size before relaxing)
 .eh_frame      0x000000000011d224       0x60 binaries/fscanf.o
                                         0x78 (size before relaxing)
 .eh_frame      0x000000000011d284       0x20 binaries/getchar.o
                                         0x38 (size before relaxing)
 .eh_frame      0x000000000011d2a4       0x20 binaries/labs.o
                                         0x38 (size before relaxing)
 .eh_frame      0x000000000011d2c4       0x20 binaries/memcmp.o
                                         0x38 (size before relaxing)
 .eh_frame      0x000000000011d2e4       0x24 binaries/memcpy.o
                                         0x3c (size before relaxing)
 .eh_frame      0x000000000011d308       0x24 binaries/memset.o
                                         0x3c (size before relaxing)
 .eh_frame      0x000000000011d32c       0x20 binaries/printf.o
                                         0x38 (size before relaxing)
 .eh_frame      0x000000000011d34c       0x20 binaries/putchar.o
                                         0x38 (size before relaxing)
 .eh_frame      0x000000000011d36c       0xa8 binaries/qsort.o
                                         0xc0 (size before relaxing)
 .eh_frame      0x000000000011d414       0x60 binaries/rand.o
                                         0x78 (size before relaxing)
 .eh_frame      0x000000000011d474       0x40 binaries/sprintf.o
                                         0x58 (size before relaxing)
 .eh_frame      0x000000000011d4b4       0x60 binaries/sscanf.o
                                         0x78 (size before relaxing)
 .eh_frame      0x000000000011d514       0x20 binaries/strchr.o
                                         0x38 (size before relaxing)
 .eh_frame      0x000000000011d534       0x20 binaries/strcmp.o
                                         0x38 (size before relaxing)
 .eh_frame      0x000000000011d554       0x20 binaries/strcpy.o
                                         0x38 (size before relaxing)
 .eh_frame      0x000000000011d574       0x20 binaries/strlen.o
                                         0x38 (size before relaxing)
 .eh_frame      0x000000000011d594       0x20 binaries/strncat.o
                                         0x38 (size before relaxing)
 .eh_frame      0x000000000011d5b4       0x20 binaries/strncmp.o
                                         0x38 (size before relaxing)
 .eh_frame      0x000000000011d5d4       0x28 binaries/strncpy.o
                                         0x40 (size before relaxing)
 .eh_frame      0x000000000011d5fc       0x20 binaries/strnlen.o
                                         0x38 (size before relaxing)
 .eh_frame      0x000000000011d61c       0x20 binaries/strrchr.o
                                         0x38 (size before relaxing)
 .eh_frame      0x000000000011d63c       0x20 binaries/strstr.o
                                         0x38 (size before relaxing)
 .eh_frame      0x000000000011d65c       0x20 binaries/ttycontrol.o
                                         0x38 (size before relaxing)
 .eh_frame      0x000000000011d67c       0x20 binaries/ttygetc.o
                                         0x38 (size before relaxing)
 .eh_frame      0x000000000011d69c       0x80 binaries/ttyhandle_in.o
                                         0x98 (size before relaxing)
 .eh_frame      0x000000000011d71c       0x20 binaries/ttyhandle_out.o
                                         0x38 (size before relaxing)
 .eh_frame      0x000000000011d73c       0x20 binaries/ttyhandler.o
                                         0x38 (size before relaxing)
 .eh_frame      0x000000000011d75c       0x20 binaries/ttyinit.o
                                         0x38 (size before relaxing)
 .eh_frame      0x000000000011d77c       0x20 binaries/ttykickout.o
                                         0x38 (size before relaxing)
 .eh_frame      0x000000000011d79c       0x20 binaries/ttyputc.o
                                         0x38 (size before relaxing)
 .eh_frame      0x000000000011d7bc       0x28 binaries/ttyread.o
                                         0x40 (size before relaxing)
 .eh_frame      0x000000000011d7e4       0x20 binaries/ttywrite.o
                                         0x38 (size before relaxing)
 .eh_frame      0x000000000011d804       0x40 binaries/mount.o
                                         0x58 (size before relaxing)
 .eh_frame      0x000000000011d844       0x20 binaries/naminit.o
                                         0x38 (size before relaxing)
 .eh_frame      0x000000000011d864       0x60 binaries/nammap.o
                                         0x78 (size before relaxing)
 .eh_frame      0x000000000011d8c4       0x20 binaries/namopen.o
                                         0x38 (size before relaxing)
 .eh_frame      0x000000000011d8e4      0x150 binaries/82545EMInit.o
                                        0x168 (size before relaxing)
 .eh_frame      0x000000000011da34       0xa0 binaries/ethcontrol.o
                                         0xb8 (size before relaxing)
 .eh_frame      0x000000000011dad4       0x80 binaries/ethhandler.o
                                         0x98 (size before relaxing)
 .eh_frame      0x000000000011db54       0x20 binaries/ethinit.o
                                         0x38 (size before relaxing)
 .eh_frame      0x000000000011db74       0x60 binaries/ethread.o
                                         0x78 (size before relaxing)
 .eh_frame      0x000000000011dbd4       0x60 binaries/ethwrite.o
                                         0x78 (size before relaxing)
 .eh_frame      0x000000000011dc34       0x20 binaries/rdscomm.o
                                         0x38 (size before relaxing)
 .eh_frame      0x000000000011dc54       0x20 binaries/rdscontrol.o
                                         0x38 (size before relaxing)
 .eh_frame      0x000000000011dc74       0x20 binaries/rdsinit.o
                                         0x38 (size before relaxing)
 .eh_frame      0x000000000011dc94       0x20 binaries/rdsopen.o
                                         0x38 (size before relaxing)
 .eh_frame      0x000000000011dcb4       0x1c binaries/rdsprocess.o
                                         0x34 (size before relaxing)
 .eh_frame      0x000000000011dcd0       0xc0 binaries/rdsqfcns.o
                                         0xd8 (size before relaxing)
 .eh_frame      0x000000000011dd90       0x20 binaries/rdsread.o
                                         0x38 (size before relaxing)
 .eh_frame      0x000000000011ddb0       0x20 binaries/rdssetprio.o
                                         0x38 (size before relaxing)
 .eh_frame      0x000000000011ddd0       0x20 binaries/rdswrite.o
                                         0x38 (size before relaxing)
 .eh_frame      0x000000000011ddf0       0x20 binaries/ramclose.o
                                         0x38 (size before relaxing)
 .eh_frame      0x000000000011de10       0x20 binaries/raminit.o
                                         0x38 (size before relaxing)
 .eh_frame      0x000000000011de30       0x20 binaries/ramopen.o
                                         0x38 (size before relaxing)
 .eh_frame      0x000000000011de50       0x20 binaries/ramread.o
                                         0x38 (size before relaxing)
 .eh_frame      0x000000000011de70       0x20 binaries/ramwrite.o
                                         0x38 (size before relaxing)
 .eh_frame      0x000000000011de90       0x20 binaries/lfdballoc.o
                                         0x38 (size before relaxing)
 .eh_frame      0x000000000011deb0       0x20 binaries/lfdbfree.o
                                         0x38 (size before relaxing)
 .eh_frame      0x000000000011ded0       0x20 binaries/lfflush.o
                                         0x38 (size before relaxing)
 .eh_frame      0x000000000011def0       0x20 binaries/lfgetmode.o
                                         0x38 (size before relaxing)
 .eh_frame      0x000000000011df10       0x20 binaries/lfiballoc.o
                                         0x38 (size before relaxing)
 .eh_frame      0x000000000011df30       0x20 binaries/lfibclear.o
                                         0x38 (size before relaxing)
 .eh_frame      0x000000000011df50       0x20 binaries/lfibget.o
                                         0x38 (size before relaxing)
 .eh_frame      0x000000000011df70       0x20 binaries/lfibput.o
                                         0x38 (size before relaxing)
 .eh_frame      0x000000000011df90       0x20 binaries/lflclose.o
                                         0x38 (size before relaxing)
 .eh_frame      0x000000000011dfb0       0x20 binaries/lflcontrol.o
                                         0x38 (size before relaxing)
 .eh_frame      0x000000000011dfd0       0x20 binaries/lflgetc.o
                                         0x38 (size before relaxing)
 .eh_frame      0x000000000011dff0       0x20 binaries/lflinit.o
                                         0x38 (size before relaxing)
 .eh_frame      0x000000000011e010       0x20 binaries/lflputc.o
                                         0x38 (size before relaxing)
 .eh_frame      0x000000000011e030       0x20 binaries/lflread.o
                                         0x38 (size before relaxing)
 .eh_frame      0x000000000011e050       0x20 binaries/lflseek.o
                                         0x38 (size before relaxing)
 .eh_frame      0x000000000011e070       0x20 binaries/lflwrite.o
                                         0x38 (size before relaxing)
 .eh_frame      0x000000000011e090       0x20 binaries/lfscheck.o
                                         0x38 (size before relaxing)
 .eh_frame      0x000000000011e0b0       0x20 binaries/lfsckfmt.o
                                         0x38 (size before relaxing)
 .eh_frame      0x000000000011e0d0       0x20 binaries/lfscreate.o
                                         0x38 (size before relaxing)
 .eh_frame      0x000000000011e0f0       0x20 binaries/lfsetup.o
                                         0x38 (size before relaxing)
 .eh_frame      0x000000000011e110       0x20 binaries/lfsinit.o
                                         0x38 (size before relaxing)
 .eh_frame      0x000000000011e130       0x20 binaries/lfsopen.o
                                         0x38 (size before relaxing)
 .eh_frame      0x000000000011e150       0x20 binaries/lftruncate.o
                                         0x38 (size before relaxing)
 .eh_frame      0x000000000011e170       0x20 binaries/rflclose.o
                                         0x38 (size before relaxing)
 .eh_frame      0x000000000011e190       0x20 binaries/rflgetc.o
                                         0x38 (size before relaxing)
 .eh_frame      0x000000000011e1b0       0x20 binaries/rflinit.o
                                         0x38 (size before relaxing)
 .eh_frame      0x000000000011e1d0       0x20 binaries/rflputc.o
                                         0x38 (size before relaxing)
 .eh_frame      0x000000000011e1f0       0x20 binaries/rflread.o
                                         0x38 (size before relaxing)
 .eh_frame      0x000000000011e210       0x20 binaries/rflseek.o
                                         0x38 (size before relaxing)
 .eh_frame      0x000000000011e230       0x20 binaries/rflwrite.o
                                         0x38 (size before relaxing)
 .eh_frame      0x000000000011e250       0x20 binaries/rfscomm.o
                                         0x38 (size before relaxing)
 .eh_frame      0x000000000011e270       0x20 binaries/rfscontrol.o
                                         0x38 (size before relaxing)
 .eh_frame      0x000000000011e290       0x20 binaries/rfsgetmode.o
                                         0x38 (size before relaxing)
 .eh_frame      0x000000000011e2b0       0x20 binaries/rfsinit.o
                                         0x38 (size before relaxing)
 .eh_frame      0x000000000011e2d0       0x20 binaries/rfsndmsg.o
                                         0x38 (size before relaxing)
 .eh_frame      0x000000000011e2f0       0x20 binaries/rfsopen.o
                                         0x38 (size before relaxing)
 .eh_frame      0x000000000011e310       0xc0 binaries/arp.o
                                         0xd8 (size before relaxing)
 .eh_frame      0x000000000011e3d0       0xa0 binaries/dhcp.o
                                         0xb8 (size before relaxing)
 .eh_frame      0x000000000011e470       0x80 binaries/dns.o
                                         0x98 (size before relaxing)
 .eh_frame      0x000000000011e4f0       0x20 binaries/dot2ip.o
                                         0x38 (size before relaxing)
 .eh_frame      0x000000000011e510       0x40 binaries/hexdump.o
                                         0x58 (size before relaxing)
 .eh_frame      0x000000000011e550      0x150 binaries/icmp.o
                                        0x168 (size before relaxing)
 .eh_frame      0x000000000011e6a0      0x11c binaries/ip.o
                                        0x134 (size before relaxing)
 .eh_frame      0x000000000011e7bc       0xa0 binaries/net.o
                                         0xb8 (size before relaxing)
 .eh_frame      0x000000000011e85c       0x60 binaries/pdump.o
                                         0x78 (size before relaxing)
 .eh_frame      0x000000000011e8bc       0x60 binaries/tftp.o
                                         0x78 (size before relaxing)
 .eh_frame      0x000000000011e91c      0x140 binaries/udp.o
                                        0x158 (size before relaxing)
 .eh_frame      0x000000000011ea5c       0x20 binaries/addargs.o
                                         0x38 (size before relaxing)
 .eh_frame      0x000000000011ea7c       0x20 binaries/lexan.o
                                         0x38 (size before relaxing)
 .eh_frame      0x000000000011ea9c       0x20 binaries/shell.o
                                         0x38 (size before relaxing)
 .eh_frame      0x000000000011eabc       0x20 binaries/xsh_argecho.o
                                         0x38 (size before relaxing)
 .eh_frame      0x000000000011eadc       0x40 binaries/xsh_arp.o
                                         0x58 (size before relaxing)
 .eh_frame      0x000000000011eb1c       0x20 binaries/xsh_cat.o
                                         0x38 (size before relaxing)
 .eh_frame      0x000000000011eb3c       0x20 binaries/xsh_clear.o
                                         0x38 (size before relaxing)
 .eh_frame      0x000000000011eb5c       0x20 binaries/xsh_date.o
                                         0x38 (size before relaxing)
 .eh_frame      0x000000000011eb7c       0x20 binaries/xsh_devdump.o
                                         0x38 (size before relaxing)
 .eh_frame      0x000000000011eb9c       0x20 binaries/xsh_echo.o
                                         0x38 (size before relaxing)
 .eh_frame      0x000000000011ebbc       0x20 binaries/xsh_exit.o
                                         0x38 (size before relaxing)
 .eh_frame      0x000000000011ebdc       0x2c binaries/xsh_help.o
                                         0x44 (size before relaxing)
 .eh_frame      0x000000000011ec08       0x20 binaries/xsh_kill.o
                                         0x38 (size before relaxing)
 .eh_frame      0x000000000011ec28       0x2c binaries/xsh_ls.o
                                         0x44 (size before relaxing)
 .eh_frame      0x000000000011ec54       0x40 binaries/xsh_memdump.o
                                         0x58 (size before relaxing)
 .eh_frame      0x000000000011ec94       0x60 binaries/xsh_memstat.o
                                         0x78 (size before relaxing)
 .eh_frame      0x000000000011ecf4       0x30 binaries/xsh_netinfo.o
                                         0x48 (size before relaxing)
 .eh_frame      0x000000000011ed24       0x30 binaries/xsh_ns.o
                                         0x48 (size before relaxing)
 .eh_frame      0x000000000011ed54       0x28 binaries/xsh_ping.o
                                         0x40 (size before relaxing)
 .eh_frame      0x000000000011ed7c       0x30 binaries/xsh_ps.o
                                         0x48 (size before relaxing)
 .eh_frame      0x000000000011edac       0x20 binaries/xsh_sleep.o
                                         0x38 (size before relaxing)
 .eh_frame      0x000000000011edcc       0x20 binaries/xsh_udpdump.o
                                         0x38 (size before relaxing)
 .eh_frame      0x000000000011edec       0x30 binaries/xsh_udpecho.o
                                         0x48 (size before relaxing)
 .eh_frame      0x000000000011ee1c       0x28 binaries/xsh_udpserver.o
                                         0x40 (size before relaxing)
 .eh_frame      0x000000000011ee44       0x20 binaries/xsh_uptime.o
                                         0x38 (size before relaxing)

.iplt           0x000000000011ee64        0x0
 .iplt          0x000000000011ee64        0x0 binaries/start.o

.rel.dyn        0x000000000011ee64        0x0
 .rel.got       0x000000000011ee64        0x0 binaries/start.o
 .rel.iplt      0x000000000011ee64        0x0 binaries/start.o
 .rel.text      0x000000000011ee64        0x0 binaries/start.o

.data           0x000000000011ee80     0x1180
                0x000000000011ee80                data = ABSOLUTE (.)
 *(.data .data.*)
 .data          0x000000000011ee80      0x460 binaries/start.o
                0x000000000011ee80                gdt
                0x000000000011eec0                gdtr
                0x000000000011eec6                idt
                0x000000000011f2c6                idtr
                0x000000000011f2cc                cpudelay
                0x000000000011f2d0                _bootdev
                0x000000000011f2d4                _cyloffset
 .data          0x000000000011f2e0       0x88 binaries/ascdate.o
                0x000000000011f2e0                Date
 .data          0x000000000011f368        0x0 binaries/bufinit.o
 .data          0x000000000011f368        0x0 binaries/chprio.o
 .data          0x000000000011f368        0x4 binaries/clkhandler.o
 .data          0x000000000011f36c        0x0 binaries/clkinit.o
 .data          0x000000000011f36c        0x0 binaries/close.o
 *fill*         0x000000000011f36c       0x14 
 .data          0x000000000011f380      0x5a0 binaries/conf.o
                0x000000000011f380                devtab
 .data          0x000000000011f920        0x0 binaries/control.o
 .data          0x000000000011f920        0x0 binaries/control_reg.o
 .data          0x000000000011f920        0x4 binaries/create.o
 *fill*         0x000000000011f924       0x1c 
 .data          0x000000000011f940       0x40 binaries/evec.o
                0x000000000011f940                inames
 .data          0x000000000011f980        0x0 binaries/exit.o
 .data          0x000000000011f980        0x0 binaries/freebuf.o
 .data          0x000000000011f980        0x0 binaries/freemem.o
 .data          0x000000000011f980        0x0 binaries/getbuf.o
 .data          0x000000000011f980        0x0 binaries/getc.o
 .data          0x000000000011f980        0x0 binaries/getdev.o
 .data          0x000000000011f980        0x0 binaries/getitem.o
 .data          0x000000000011f980        0x0 binaries/getmem.o
 .data          0x000000000011f980        0x0 binaries/getpid.o
 .data          0x000000000011f980        0x0 binaries/getprio.o
 .data          0x000000000011f980        0x0 binaries/getstk.o
 .data          0x000000000011f980        0x0 binaries/getticks.o
 .data          0x000000000011f980        0x0 binaries/gettime.o
 .data          0x000000000011f980        0x0 binaries/getutime.o
 .data          0x000000000011f980       0x40 binaries/i386.o
                0x000000000011f980                gdt_copy
 .data          0x000000000011f9c0        0x0 binaries/init.o
 .data          0x000000000011f9c0        0x0 binaries/initialize.o
 .data          0x000000000011f9c0        0x0 binaries/insert.o
 .data          0x000000000011f9c0        0x0 binaries/insertd.o
 .data          0x000000000011f9c0        0x0 binaries/ioerr.o
 .data          0x000000000011f9c0        0x0 binaries/ionull.o
 .data          0x000000000011f9c0        0x0 binaries/kill.o
 .data          0x000000000011f9c0        0x0 binaries/kprintf.o
 .data          0x000000000011f9c0        0x0 binaries/main.o
 .data          0x000000000011f9c0        0x0 binaries/mark.o
 .data          0x000000000011f9c0        0x0 binaries/meminit.o
 .data          0x000000000011f9c0        0x0 binaries/mkbufpool.o
[...]
 .comment       0x0000000000000023       0x24 binaries/icmp.o
 .comment       0x0000000000000023       0x24 binaries/ip.o
 .comment       0x0000000000000023       0x24 binaries/net.o
 .comment       0x0000000000000023       0x24 binaries/pdump.o
 .comment       0x0000000000000023       0x24 binaries/tftp.o
 .comment       0x0000000000000023       0x24 binaries/udp.o
 .comment       0x0000000000000023       0x24 binaries/addargs.o
 .comment       0x0000000000000023       0x24 binaries/lexan.o
 .comment       0x0000000000000023       0x24 binaries/shell.o
 .comment       0x0000000000000023       0x24 binaries/xsh_argecho.o
 .comment       0x0000000000000023       0x24 binaries/xsh_arp.o
 .comment       0x0000000000000023       0x24 binaries/xsh_cat.o
 .comment       0x0000000000000023       0x24 binaries/xsh_clear.o
 .comment       0x0000000000000023       0x24 binaries/xsh_date.o
 .comment       0x0000000000000023       0x24 binaries/xsh_devdump.o
 .comment       0x0000000000000023       0x24 binaries/xsh_echo.o
 .comment       0x0000000000000023       0x24 binaries/xsh_exit.o
 .comment       0x0000000000000023       0x24 binaries/xsh_help.o
 .comment       0x0000000000000023       0x24 binaries/xsh_kill.o
 .comment       0x0000000000000023       0x24 binaries/xsh_ls.o
 .comment       0x0000000000000023       0x24 binaries/xsh_memdump.o
 .comment       0x0000000000000023       0x24 binaries/xsh_memstat.o
 .comment       0x0000000000000023       0x24 binaries/xsh_netinfo.o
 .comment       0x0000000000000023       0x24 binaries/xsh_ns.o
 .comment       0x0000000000000023       0x24 binaries/xsh_ping.o
 .comment       0x0000000000000023       0x24 binaries/xsh_ps.o
 .comment       0x0000000000000023       0x24 binaries/xsh_sleep.o
 .comment       0x0000000000000023       0x24 binaries/xsh_udpdump.o
 .comment       0x0000000000000023       0x24 binaries/xsh_udpecho.o
 .comment       0x0000000000000023       0x24 binaries/xsh_udpserver.o
 .comment       0x0000000000000023       0x24 binaries/xsh_uptime.o

.note.GNU-stack
                0x0000000000000000        0x0
 .note.GNU-stack
                0x0000000000000000        0x0 binaries/ascdate.o
 .note.GNU-stack
                0x0000000000000000        0x0 binaries/bufinit.o
 .note.GNU-stack
                0x0000000000000000        0x0 binaries/chprio.o
 .note.GNU-stack
                0x0000000000000000        0x0 binaries/clkhandler.o
 .note.GNU-stack
                0x0000000000000000        0x0 binaries/clkinit.o
 .note.GNU-stack
                0x0000000000000000        0x0 binaries/close.o
 .note.GNU-stack
                0x0000000000000000        0x0 binaries/conf.o
 .note.GNU-stack
                0x0000000000000000        0x0 binaries/control.o
 .note.GNU-stack
                0x0000000000000000        0x0 binaries/control_reg.o
 .note.GNU-stack
                0x0000000000000000        0x0 binaries/create.o
 .note.GNU-stack
                0x0000000000000000        0x0 binaries/evec.o
 .note.GNU-stack
                0x0000000000000000        0x0 binaries/exit.o
 .note.GNU-stack
                0x0000000000000000        0x0 binaries/freebuf.o
 .note.GNU-stack
                0x0000000000000000        0x0 binaries/freemem.o
 .note.GNU-stack
                0x0000000000000000        0x0 binaries/getbuf.o
 .note.GNU-stack
                0x0000000000000000        0x0 binaries/getc.o
 .note.GNU-stack
                0x0000000000000000        0x0 binaries/getdev.o
 .note.GNU-stack
                0x0000000000000000        0x0 binaries/getitem.o
 .note.GNU-stack
                0x0000000000000000        0x0 binaries/getmem.o
 .note.GNU-stack
                0x0000000000000000        0x0 binaries/getpid.o
 .note.GNU-stack
                0x0000000000000000        0x0 binaries/getprio.o
 .note.GNU-stack
                0x0000000000000000        0x0 binaries/getstk.o
 .note.GNU-stack
                0x0000000000000000        0x0 binaries/getticks.o
 .note.GNU-stack
                0x0000000000000000        0x0 binaries/gettime.o
 .note.GNU-stack
                0x0000000000000000        0x0 binaries/getutime.o
 .note.GNU-stack
                0x0000000000000000        0x0 binaries/i386.o
 .note.GNU-stack
                0x0000000000000000        0x0 binaries/init.o
 .note.GNU-stack
                0x0000000000000000        0x0 binaries/initialize.o
 .note.GNU-stack
                0x0000000000000000        0x0 binaries/insert.o
 .note.GNU-stack
                0x0000000000000000        0x0 binaries/insertd.o
 .note.GNU-stack
                0x0000000000000000        0x0 binaries/ioerr.o
 .note.GNU-stack
                0x0000000000000000        0x0 binaries/ionull.o
 .note.GNU-stack
                0x0000000000000000        0x0 binaries/kill.o
 .note.GNU-stack
                0x0000000000000000        0x0 binaries/kprintf.o
 .note.GNU-stack
                0x0000000000000000        0x0 binaries/main.o
 .note.GNU-stack
                0x0000000000000000        0x0 binaries/mark.o
 .note.GNU-stack
                0x0000000000000000        0x0 binaries/meminit.o
 .note.GNU-stack
                0x0000000000000000        0x0 binaries/mkbufpool.o
 .note.GNU-stack
                0x0000000000000000        0x0 binaries/newqueue.o
 .note.GNU-stack
                0x0000000000000000        0x0 binaries/open.o
 .note.GNU-stack
                0x0000000000000000        0x0 binaries/panic.o
 .note.GNU-stack
                0x0000000000000000        0x0 binaries/pci.o
 .note.GNU-stack
                0x0000000000000000        0x0 binaries/ptclear.o
 .note.GNU-stack
                0x0000000000000000        0x0 binaries/ptcount.o
 .note.GNU-stack
                0x0000000000000000        0x0 binaries/ptcreate.o
 .note.GNU-stack
                0x0000000000000000        0x0 binaries/ptdelete.o
 .note.GNU-stack
                0x0000000000000000        0x0 binaries/ptinit.o
 .note.GNU-stack
                0x0000000000000000        0x0 binaries/ptrecv.o
 .note.GNU-stack
                0x0000000000000000        0x0 binaries/ptreset.o
 .note.GNU-stack
                0x0000000000000000        0x0 binaries/ptsend.o
 .note.GNU-stack
                0x0000000000000000        0x0 binaries/putc.o
 .note.GNU-stack
                0x0000000000000000        0x0 binaries/queue.o
 .note.GNU-stack
                0x0000000000000000        0x0 binaries/read.o
 .note.GNU-stack
                0x0000000000000000        0x0 binaries/ready.o
 .note.GNU-stack
                0x0000000000000000        0x0 binaries/receive.o
 .note.GNU-stack
                0x0000000000000000        0x0 binaries/recvclr.o
 .note.GNU-stack
                0x0000000000000000        0x0 binaries/recvtime.o
 .note.GNU-stack
                0x0000000000000000        0x0 binaries/resched.o
 .note.GNU-stack
                0x0000000000000000        0x0 binaries/resume.o
 .note.GNU-stack
                0x0000000000000000        0x0 binaries/seek.o
 .note.GNU-stack
                0x0000000000000000        0x0 binaries/semcount.o
 .note.GNU-stack
                0x0000000000000000        0x0 binaries/semcreate.o
 .note.GNU-stack
                0x0000000000000000        0x0 binaries/semdelete.o
 .note.GNU-stack
                0x0000000000000000        0x0 binaries/semreset.o
 .note.GNU-stack
                0x0000000000000000        0x0 binaries/send.o
 .note.GNU-stack
                0x0000000000000000        0x0 binaries/signal.o
 .note.GNU-stack
                0x0000000000000000        0x0 binaries/signaln.o
 .note.GNU-stack
                0x0000000000000000        0x0 binaries/sleep.o
 .note.GNU-stack
                0x0000000000000000        0x0 binaries/stacktrace.o
 .note.GNU-stack
                0x0000000000000000        0x0 binaries/suspend.o
 .note.GNU-stack
                0x0000000000000000        0x0 binaries/unsleep.o
 .note.GNU-stack
                0x0000000000000000        0x0 binaries/userret.o
 .note.GNU-stack
                0x0000000000000000        0x0 binaries/wait.o
 .note.GNU-stack
                0x0000000000000000        0x0 binaries/wakeup.o
 .note.GNU-stack
                0x0000000000000000        0x0 binaries/write.o
 .note.GNU-stack
                0x0000000000000000        0x0 binaries/xdone.o
 .note.GNU-stack
                0x0000000000000000        0x0 binaries/yield.o
 .note.GNU-stack
                0x0000000000000000        0x0 binaries/abs.o
 .note.GNU-stack
                0x0000000000000000        0x0 binaries/atoi.o
 .note.GNU-stack
                0x0000000000000000        0x0 binaries/atol.o
 .note.GNU-stack
                0x0000000000000000        0x0 binaries/bzero.o
 .note.GNU-stack
                0x0000000000000000        0x0 binaries/ctype_.o
 .note.GNU-stack
                0x0000000000000000        0x0 binaries/doprnt.o
 .note.GNU-stack
                0x0000000000000000        0x0 binaries/doscan.o
 .note.GNU-stack
                0x0000000000000000        0x0 binaries/fdoprnt.o
 .note.GNU-stack
                0x0000000000000000        0x0 binaries/fgetc.o
 .note.GNU-stack
                0x0000000000000000        0x0 binaries/fgets.o
 .note.GNU-stack
                0x0000000000000000        0x0 binaries/fprintf.o
 .note.GNU-stack
                0x0000000000000000        0x0 binaries/fputc.o
 .note.GNU-stack
                0x0000000000000000        0x0 binaries/fputs.o
 .note.GNU-stack
                0x0000000000000000        0x0 binaries/fscanf.o
 .note.GNU-stack
                0x0000000000000000        0x0 binaries/getchar.o
 .note.GNU-stack
                0x0000000000000000        0x0 binaries/labs.o
 .note.GNU-stack
                0x0000000000000000        0x0 binaries/memcmp.o
 .note.GNU-stack
                0x0000000000000000        0x0 binaries/memcpy.o
 .note.GNU-stack
                0x0000000000000000        0x0 binaries/memset.o
 .note.GNU-stack
                0x0000000000000000        0x0 binaries/printf.o
 .note.GNU-stack
                0x0000000000000000        0x0 binaries/putchar.o
 .note.GNU-stack
                0x0000000000000000        0x0 binaries/qsort.o
 .note.GNU-stack
                0x0000000000000000        0x0 binaries/rand.o
 .note.GNU-stack
                0x0000000000000000        0x0 binaries/sprintf.o
 .note.GNU-stack
                0x0000000000000000        0x0 binaries/sscanf.o
 .note.GNU-stack
                0x0000000000000000        0x0 binaries/strchr.o
 .note.GNU-stack
                0x0000000000000000        0x0 binaries/strcmp.o
 .note.GNU-stack
                0x0000000000000000        0x0 binaries/strcpy.o
 .note.GNU-stack
                0x0000000000000000        0x0 binaries/strlen.o
 .note.GNU-stack
                0x0000000000000000        0x0 binaries/strncat.o
 .note.GNU-stack
                0x0000000000000000        0x0 binaries/strncmp.o
 .note.GNU-stack
                0x0000000000000000        0x0 binaries/strncpy.o
 .note.GNU-stack
                0x0000000000000000        0x0 binaries/strnlen.o
 .note.GNU-stack
                0x0000000000000000        0x0 binaries/strrchr.o
 .note.GNU-stack
                0x0000000000000000        0x0 binaries/strstr.o
 .note.GNU-stack
                0x0000000000000000        0x0 binaries/ttycontrol.o
 .note.GNU-stack
                0x0000000000000000        0x0 binaries/ttygetc.o
 .note.GNU-stack
                0x0000000000000000        0x0 binaries/ttyhandle_in.o
 .note.GNU-stack
                0x0000000000000000        0x0 binaries/ttyhandle_out.o
 .note.GNU-stack
                0x0000000000000000        0x0 binaries/ttyhandler.o
 .note.GNU-stack
                0x0000000000000000        0x0 binaries/ttyinit.o
 .note.GNU-stack
                0x0000000000000000        0x0 binaries/ttykickout.o
 .note.GNU-stack
                0x0000000000000000        0x0 binaries/ttyputc.o
 .note.GNU-stack
                0x0000000000000000        0x0 binaries/ttyread.o
 .note.GNU-stack
                0x0000000000000000        0x0 binaries/ttywrite.o
 .note.GNU-stack
                0x0000000000000000        0x0 binaries/mount.o
 .note.GNU-stack
                0x0000000000000000        0x0 binaries/naminit.o
 .note.GNU-stack
                0x0000000000000000        0x0 binaries/nammap.o
 .note.GNU-stack
                0x0000000000000000        0x0 binaries/namopen.o
 .note.GNU-stack
                0x0000000000000000        0x0 binaries/82545EMInit.o
 .note.GNU-stack
                0x0000000000000000        0x0 binaries/ethcontrol.o
 .note.GNU-stack
                0x0000000000000000        0x0 binaries/ethhandler.o
 .note.GNU-stack
                0x0000000000000000        0x0 binaries/ethinit.o
 .note.GNU-stack
                0x0000000000000000        0x0 binaries/ethread.o
 .note.GNU-stack
                0x0000000000000000        0x0 binaries/ethwrite.o
 .note.GNU-stack
                0x0000000000000000        0x0 binaries/rdscomm.o
 .note.GNU-stack
                0x0000000000000000        0x0 binaries/rdscontrol.o
 .note.GNU-stack
                0x0000000000000000        0x0 binaries/rdsinit.o
 .note.GNU-stack
                0x0000000000000000        0x0 binaries/rdsopen.o
 .note.GNU-stack
                0x0000000000000000        0x0 binaries/rdsprocess.o
 .note.GNU-stack
                0x0000000000000000        0x0 binaries/rdsqfcns.o
 .note.GNU-stack
                0x0000000000000000        0x0 binaries/rdsread.o
 .note.GNU-stack
                0x0000000000000000        0x0 binaries/rdssetprio.o
 .note.GNU-stack
                0x0000000000000000        0x0 binaries/rdswrite.o
 .note.GNU-stack
                0x0000000000000000        0x0 binaries/ramclose.o
 .note.GNU-stack
                0x0000000000000000        0x0 binaries/raminit.o
 .note.GNU-stack
                0x0000000000000000        0x0 binaries/ramopen.o
 .note.GNU-stack
                0x0000000000000000        0x0 binaries/ramread.o
 .note.GNU-stack
                0x0000000000000000        0x0 binaries/ramwrite.o
 .note.GNU-stack
                0x0000000000000000        0x0 binaries/lfdballoc.o
 .note.GNU-stack
                0x0000000000000000        0x0 binaries/lfdbfree.o
 .note.GNU-stack
                0x0000000000000000        0x0 binaries/lfflush.o
 .note.GNU-stack
                0x0000000000000000        0x0 binaries/lfgetmode.o
 .note.GNU-stack
                0x0000000000000000        0x0 binaries/lfiballoc.o
 .note.GNU-stack
                0x0000000000000000        0x0 binaries/lfibclear.o
 .note.GNU-stack
                0x0000000000000000        0x0 binaries/lfibget.o
 .note.GNU-stack
                0x0000000000000000        0x0 binaries/lfibput.o
 .note.GNU-stack
                0x0000000000000000        0x0 binaries/lflclose.o
 .note.GNU-stack
                0x0000000000000000        0x0 binaries/lflcontrol.o
 .note.GNU-stack
                0x0000000000000000        0x0 binaries/lflgetc.o
 .note.GNU-stack
                0x0000000000000000        0x0 binaries/lflinit.o
 .note.GNU-stack
                0x0000000000000000        0x0 binaries/lflputc.o
 .note.GNU-stack
                0x0000000000000000        0x0 binaries/lflread.o
 .note.GNU-stack
                0x0000000000000000        0x0 binaries/lflseek.o
 .note.GNU-stack
                0x0000000000000000        0x0 binaries/lflwrite.o
 .note.GNU-stack
                0x0000000000000000        0x0 binaries/lfscheck.o
 .note.GNU-stack
                0x0000000000000000        0x0 binaries/lfsckfmt.o
 .note.GNU-stack
                0x0000000000000000        0x0 binaries/lfscreate.o
 .note.GNU-stack
                0x0000000000000000        0x0 binaries/lfsetup.o
 .note.GNU-stack
                0x0000000000000000        0x0 binaries/lfsinit.o
 .note.GNU-stack
                0x0000000000000000        0x0 binaries/lfsopen.o
 .note.GNU-stack
                0x0000000000000000        0x0 binaries/lftruncate.o
 .note.GNU-stack
                0x0000000000000000        0x0 binaries/rflclose.o
 .note.GNU-stack
                0x0000000000000000        0x0 binaries/rflgetc.o
 .note.GNU-stack
                0x0000000000000000        0x0 binaries/rflinit.o
 .note.GNU-stack
                0x0000000000000000        0x0 binaries/rflputc.o
 .note.GNU-stack
                0x0000000000000000        0x0 binaries/rflread.o
 .note.GNU-stack
                0x0000000000000000        0x0 binaries/rflseek.o
 .note.GNU-stack
                0x0000000000000000        0x0 binaries/rflwrite.o
 .note.GNU-stack
                0x0000000000000000        0x0 binaries/rfscomm.o
 .note.GNU-stack
                0x0000000000000000        0x0 binaries/rfscontrol.o
 .note.GNU-stack
                0x0000000000000000        0x0 binaries/rfsgetmode.o
 .note.GNU-stack
                0x0000000000000000        0x0 binaries/rfsinit.o
 .note.GNU-stack
                0x0000000000000000        0x0 binaries/rfsndmsg.o
 .note.GNU-stack
                0x0000000000000000        0x0 binaries/rfsopen.o
 .note.GNU-stack
                0x0000000000000000        0x0 binaries/arp.o
 .note.GNU-stack
                0x0000000000000000        0x0 binaries/dhcp.o
 .note.GNU-stack
                0x0000000000000000        0x0 binaries/dns.o
 .note.GNU-stack
                0x0000000000000000        0x0 binaries/dot2ip.o
 .note.GNU-stack
                0x0000000000000000        0x0 binaries/hexdump.o
 .note.GNU-stack
                0x0000000000000000        0x0 binaries/icmp.o
 .note.GNU-stack
                0x0000000000000000        0x0 binaries/ip.o
 .note.GNU-stack
                0x0000000000000000        0x0 binaries/net.o
 .note.GNU-stack
                0x0000000000000000        0x0 binaries/pdump.o
 .note.GNU-stack
                0x0000000000000000        0x0 binaries/tftp.o
 .note.GNU-stack
                0x0000000000000000        0x0 binaries/udp.o
 .note.GNU-stack
                0x0000000000000000        0x0 binaries/addargs.o
 .note.GNU-stack
                0x0000000000000000        0x0 binaries/lexan.o
 .note.GNU-stack
                0x0000000000000000        0x0 binaries/shell.o
 .note.GNU-stack
                0x0000000000000000        0x0 binaries/xsh_argecho.o
 .note.GNU-stack
                0x0000000000000000        0x0 binaries/xsh_arp.o
 .note.GNU-stack
                0x0000000000000000        0x0 binaries/xsh_cat.o
 .note.GNU-stack
                0x0000000000000000        0x0 binaries/xsh_clear.o
 .note.GNU-stack
                0x0000000000000000        0x0 binaries/xsh_date.o
 .note.GNU-stack
                0x0000000000000000        0x0 binaries/xsh_devdump.o
 .note.GNU-stack
                0x0000000000000000        0x0 binaries/xsh_echo.o
 .note.GNU-stack
                0x0000000000000000        0x0 binaries/xsh_exit.o
 .note.GNU-stack
                0x0000000000000000        0x0 binaries/xsh_help.o
 .note.GNU-stack
                0x0000000000000000        0x0 binaries/xsh_kill.o
 .note.GNU-stack
                0x0000000000000000        0x0 binaries/xsh_ls.o
 .note.GNU-stack
                0x0000000000000000        0x0 binaries/xsh_memdump.o
 .note.GNU-stack
                0x0000000000000000        0x0 binaries/xsh_memstat.o
 .note.GNU-stack
                0x0000000000000000        0x0 binaries/xsh_netinfo.o
 .note.GNU-stack
                0x0000000000000000        0x0 binaries/xsh_ns.o
 .note.GNU-stack
                0x0000000000000000        0x0 binaries/xsh_ping.o
 .note.GNU-stack
                0x0000000000000000        0x0 binaries/xsh_ps.o
 .note.GNU-stack
                0x0000000000000000        0x0 binaries/xsh_sleep.o
 .note.GNU-stack
                0x0000000000000000        0x0 binaries/xsh_udpdump.o
 .note.GNU-stack
                0x0000000000000000        0x0 binaries/xsh_udpecho.o
 .note.GNU-stack
                0x0000000000000000        0x0 binaries/xsh_udpserver.o
 .note.GNU-stack
                0x0000000000000000        0x0 binaries/xsh_uptime.o
