
Allocating common symbols
Common symbol       size              file

netbufpool          0x4               binaries/net.o
tmp                 0x4               binaries/control_reg.o
readylist           0x2               binaries/ready.o
rfltab              0x5a0             binaries/rflinit.o
netportseed         0x8               binaries/net.o
sleepq              0x2               binaries/clkinit.o
nnames              0x4               binaries/naminit.o
udptab              0x168             binaries/udp.o
minheap             0x4               binaries/meminit.o
marks               0x50              binaries/mark.o
currpid             0x4               binaries/initialize.o
Lf_data             0x20c             binaries/lfsinit.o
porttab             0x2d0             binaries/ptinit.o
girmask             0x2               binaries/evec.o
ttytab              0x110             binaries/ttyinit.o
proctab             0x1770            binaries/initialize.o
prcount             0x4               binaries/initialize.o
lfltab              0xf00             binaries/lflinit.o
rdstab              0x7c              binaries/rdsinit.o
ethertab            0x130             binaries/ethinit.o
NetData             0xb0              binaries/net.o
nmarks              0x4               binaries/mark.o
initsp              0x4               binaries/i386.o
Defer               0x8               binaries/resched.o
semtab              0x4b0             binaries/initialize.o
maxheap             0x4               binaries/meminit.o
preempt             0x4               binaries/clkinit.o
buftab              0xf0              binaries/bufinit.o
Rf_data             0x18              binaries/rfsinit.o
mkmutex             0x4               binaries/mark.o
clktime             0x4               binaries/clkinit.o
arpcache            0x140             binaries/arp.o
icmptab             0x230             binaries/icmp.o
nbpools             0x4               binaries/bufinit.o
queuetab            0x980             binaries/queue.o
ptnextid            0x4               binaries/ptinit.o
Ram                 0x19000           binaries/raminit.o
ipoqueue            0x2c              binaries/ip.o
memlist             0x8               binaries/initialize.o
nametab             0x5200            binaries/naminit.o
ptfree              0x4               binaries/ptinit.o

Memory Configuration

Name             Origin             Length             Attributes
*default*        0x0000000000000000 0xffffffffffffffff

Linker script and memory map

                0x0000000000100000                physbase = 0x100000
                0x0000000000100000                . = physbase
                0x0000000000100000                . = ALIGN (0x1000)

.text           0x0000000000100000    0x1d000
                0x0000000000100000                text = ABSOLUTE (.)
 *(.text .text.*)
 .text          0x0000000000100000      0x165 binaries/start.o
                0x0000000000100020                entry
                0x000000000010003d                start
                0x00000000001000a5                inb
                0x00000000001000ad                inw
                0x00000000001000b6                inl
                0x00000000001000be                outb
                0x00000000001000c8                outw
                0x00000000001000d3                outl
                0x00000000001000dd                _rtcin
                0x00000000001000e8                ___udivsi3
                0x00000000001000f3                ___divsi3
                0x00000000001000ff                sbzero
                0x000000000010010f                bcopy
                0x0000000000100123                insw
                0x0000000000100139                outsw
                0x000000000010014f                lidt
                0x0000000000100157                jumptocode
                0x000000000010015e                jumptobootcode
 .text          0x0000000000100165      0x405 binaries/ascdate.o
                0x0000000000100165                ascdate
 .text          0x000000000010056a       0x14 binaries/bufinit.o
                0x000000000010056a                bufinit
 .text          0x000000000010057e       0x89 binaries/chprio.o
                0x000000000010057e                chprio
 .text          0x0000000000100607       0x96 binaries/clkhandler.o
                0x0000000000100607                clkhandler
 .text          0x000000000010069d       0x89 binaries/clkinit.o
                0x000000000010069d                clkinit
 .text          0x0000000000100726       0x6a binaries/close.o
                0x0000000000100726                close
 .text          0x0000000000100790        0x0 binaries/conf.o
 .text          0x0000000000100790       0x7f binaries/control.o
                0x0000000000100790                control
 .text          0x000000000010080f      0x169 binaries/control_reg.o
                0x000000000010080f                read_cr0
                0x000000000010083f                read_cr2
                0x000000000010086f                read_cr3
                0x000000000010089f                read_cr4
                0x00000000001008cf                write_cr0
                0x00000000001008fc                write_cr3
                0x0000000000100929                write_cr4
                0x0000000000100956                enable_paging
 .text          0x0000000000100978      0x2ba binaries/create.o
                0x0000000000100978                create
                0x0000000000100bc4                newpid
 .text          0x0000000000100c32      0x363 binaries/evec.o
                0x0000000000100c32                initevec
                0x0000000000100c88                set_evec
                0x0000000000100d2a                trap
 .text          0x0000000000100f95       0x15 binaries/exit.o
                0x0000000000100f95                exit
 .text          0x0000000000100faa       0x82 binaries/freebuf.o
                0x0000000000100faa                freebuf
 .text          0x000000000010102c      0x167 binaries/freemem.o
                0x000000000010102c                freemem
 .text          0x0000000000101193       0x80 binaries/getbuf.o
                0x0000000000101193                getbuf
 .text          0x0000000000101213       0x6a binaries/getc.o
                0x0000000000101213                getc
 .text          0x000000000010127d       0x72 binaries/getdev.o
                0x000000000010127d                getdev
 .text          0x00000000001012ef       0xc8 binaries/getitem.o
                0x00000000001012ef                getfirst
                0x0000000000101330                getlast
                0x0000000000101373                getitem
 .text          0x00000000001013b7       0xfb binaries/getmem.o
                0x00000000001013b7                getmem
 .text          0x00000000001014b2        0xa binaries/getpid.o
                0x00000000001014b2                getpid
 .text          0x00000000001014bc       0x71 binaries/getprio.o
                0x00000000001014bc                getprio
 .text          0x000000000010152d       0xf2 binaries/getstk.o
                0x000000000010152d                getstk
 .text          0x000000000010161f       0x16 binaries/getticks.o
                0x000000000010161f                getticks
 .text          0x0000000000101635       0x36 binaries/gettime.o
                0x0000000000101635                gettime
 .text          0x000000000010166b      0x1f5 binaries/getutime.o
                0x000000000010166b                getutime
 .text          0x0000000000101860      0x410 binaries/i386.o
                0x0000000000101860                setsegs
                0x000000000010197e                init8259
                0x0000000000101a53                pseg
                0x0000000000101c16                setirmask
 .text          0x0000000000101c70       0x6a binaries/init.o
                0x0000000000101c70                init
 .text          0x0000000000101cda      0x7b5 binaries/initialize.o
                0x0000000000101cda                nulluser
                0x000000000010207a                stop
                0x00000000001020a1                delay
 .text          0x000000000010248f       0xdb binaries/insert.o
                0x000000000010248f                insert
 .text          0x000000000010256a      0x10d binaries/insertd.o
                0x000000000010256a                insertd
 .text          0x0000000000102677        0xa binaries/ioerr.o
                0x0000000000102677                ioerr
 .text          0x0000000000102681        0xa binaries/ionull.o
                0x0000000000102681                ionull
 .text          0x000000000010268b      0x184 binaries/kill.o
                0x000000000010268b                kill
 .text          0x000000000010280f      0x17b binaries/kprintf.o
                0x000000000010280f                kputc
                0x00000000001028b8                kgetc
                0x000000000010295d                kprintf
 .text          0x000000000010298a      0x70c binaries/main.o
                0x000000000010298a                sync_printf
                0x0000000000102a37                process_info
                0x0000000000102a83                empty_process
                0x0000000000102a9d                vmalloc_process
                0x0000000000102d83                vmalloc_process2
                0x0000000000102f85                main
 .text          0x0000000000103096       0xac binaries/mark.o
                0x0000000000103096                markinit
                0x00000000001030b9                mark
 .text          0x0000000000103142       0xc0 binaries/meminit.o
                0x0000000000103142                meminit
 .text          0x0000000000103202      0x15f binaries/mkbufpool.o
                0x0000000000103202                mkbufpool
 .text          0x0000000000103361       0x94 binaries/newqueue.o
                0x0000000000103361                newqueue
 .text          0x00000000001033f5       0x78 binaries/open.o
                0x00000000001033f5                open
 .text          0x000000000010346d       0x20 binaries/panic.o
                0x000000000010346d                panic
 .text          0x000000000010348d      0x498 binaries/pci.o
                0x000000000010348d                pci_init
                0x0000000000103759                find_pci_device
                0x00000000001037a7                pci_bios_read_config_byte
                0x00000000001037e6                pci_bios_read_config_word
                0x0000000000103828                pci_bios_read_config_dword
                0x0000000000103867                pci_bios_write_config_byte
                0x00000000001038a8                pci_bios_write_config_word
                0x00000000001038ea                pci_bios_write_config_dword
 .text          0x0000000000103925       0x14 binaries/private_heap.o
                0x0000000000103925                vmalloc
                0x000000000010392f                vfree
 .text          0x0000000000103939       0xe6 binaries/ptclear.o
                0x0000000000103939                _ptclear
 .text          0x0000000000103a1f       0x8f binaries/ptcount.o
                0x0000000000103a1f                ptcount
 .text          0x0000000000103aae      0x105 binaries/ptcreate.o
                0x0000000000103aae                ptcreate
 .text          0x0000000000103bb3       0x80 binaries/ptdelete.o
                0x0000000000103bb3                ptdelete
 .text          0x0000000000103c33       0xb7 binaries/ptinit.o
                0x0000000000103c33                ptinit
 .text          0x0000000000103cea      0x10a binaries/ptrecv.o
                0x0000000000103cea                ptrecv
 .text          0x0000000000103df4       0x78 binaries/ptreset.o
                0x0000000000103df4                ptreset
 .text          0x0000000000103e6c      0x128 binaries/ptsend.o
                0x0000000000103e6c                ptsend
 .text          0x0000000000103f94       0x78 binaries/putc.o
                0x0000000000103f94                putc
 .text          0x000000000010400c      0x10a binaries/queue.o
                0x000000000010400c                enqueue
                0x00000000001040ad                dequeue
 .text          0x0000000000104116       0x78 binaries/read.o
                0x0000000000104116                read
 .text          0x000000000010418e       0x7d binaries/ready.o
                0x000000000010418e                ready
 .text          0x000000000010420b       0x5d binaries/receive.o
                0x000000000010420b                receive
 .text          0x0000000000104268       0x59 binaries/recvclr.o
                0x0000000000104268                recvclr
 .text          0x00000000001042c1       0xb8 binaries/recvtime.o
                0x00000000001042c1                recvtime
 .text          0x0000000000104379      0x165 binaries/resched.o
                0x0000000000104379                resched
                0x0000000000104469                resched_cntl
 .text          0x00000000001044de       0xa0 binaries/resume.o
                0x00000000001044de                resume
 .text          0x000000000010457e       0x71 binaries/seek.o
                0x000000000010457e                seek
 .text          0x00000000001045ef       0x69 binaries/semcount.o
                0x00000000001045ef                semcount
 .text          0x0000000000104658       0xcf binaries/semcreate.o
                0x0000000000104658                semcreate
 .text          0x0000000000104727       0xba binaries/semdelete.o
                0x0000000000104727                semdelete
 .text          0x00000000001047e1       0xbc binaries/semreset.o
                0x00000000001047e1                semreset
 .text          0x000000000010489d       0xd6 binaries/send.o
                0x000000000010489d                send
 .text          0x0000000000104973       0x97 binaries/signal.o
                0x0000000000104973                signal
 .text          0x0000000000104a0a       0xc3 binaries/signaln.o
                0x0000000000104a0a                signaln
 .text          0x0000000000104acd       0xe3 binaries/sleep.o
                0x0000000000104acd                sleep
                0x0000000000104b17                sleepms
 .text          0x0000000000104bb0      0x1ad binaries/stacktrace.o
                0x0000000000104bb0                stacktrace
 .text          0x0000000000104d5d       0xd6 binaries/suspend.o
                0x0000000000104d5d                suspend
 .text          0x0000000000104e33       0xd8 binaries/unsleep.o
                0x0000000000104e33                unsleep
 .text          0x0000000000104f0b       0x15 binaries/userret.o
                0x0000000000104f0b                userret
 .text          0x0000000000104f20      0x24b binaries/utility_functions.o
                0x0000000000104f20                free_ffs_pages
                0x0000000000104f80                free_swap_pages
                0x0000000000104f8a                allocated_virtual_pages
                0x0000000000105059                used_ffs_frames
 .text          0x000000000010516b      0x472 binaries/vcreate.o
                0x000000000010516b                vcreate
 .text          0x00000000001055dd       0xd1 binaries/wait.o
                0x00000000001055dd                wait
 .text          0x00000000001056ae       0x68 binaries/wakeup.o
                0x00000000001056ae                wakeup
 .text          0x0000000000105716       0x78 binaries/write.o
                0x0000000000105716                write
 .text          0x000000000010578e       0x19 binaries/xdone.o
                0x000000000010578e                xdone
 .text          0x00000000001057a7       0x25 binaries/yield.o
                0x00000000001057a7                yield
 .text          0x00000000001057cc       0x11 binaries/abs.o
                0x00000000001057cc                abs
 .text          0x00000000001057dd       0x8f binaries/atoi.o
                0x00000000001057dd                atoi
 .text          0x000000000010586c       0x8f binaries/atol.o
                0x000000000010586c                atol
 .text          0x00000000001058fb       0x31 binaries/bzero.o
                0x00000000001058fb                bzero
 .text          0x000000000010592c        0x0 binaries/ctype_.o
 .text          0x000000000010592c      0x8f8 binaries/doprnt.o
                0x000000000010592c                _doprnt
 .text          0x0000000000106224      0x6a2 binaries/doscan.o
                0x0000000000106224                _doscan
 .text          0x00000000001068c6      0x723 binaries/fdoprnt.o
                0x00000000001068c6                _fdoprnt
 .text          0x0000000000106fe9       0x26 binaries/fgetc.o
                0x0000000000106fe9                fgetc
 .text          0x000000000010700f       0x72 binaries/fgets.o
                0x000000000010700f                fgets
 .text          0x0000000000107081       0x34 binaries/fprintf.o
                0x0000000000107081                fprintf
 .text          0x00000000001070b5       0x2c binaries/fputc.o
                0x00000000001070b5                fputc
 .text          0x00000000001070e1       0x43 binaries/fputs.o
                0x00000000001070e1                fputs
 .text          0x0000000000107124       0x92 binaries/fscanf.o
                0x0000000000107124                fscanf
 .text          0x00000000001071b6       0x2a binaries/getchar.o
                0x00000000001071b6                getchar
 .text          0x00000000001071e0       0x11 binaries/labs.o
                0x00000000001071e0                labs
 .text          0x00000000001071f1       0x51 binaries/memcmp.o
                0x00000000001071f1                memcmp
 .text          0x0000000000107242       0x3f binaries/memcpy.o
                0x0000000000107242                memcpy
 .text          0x0000000000107281       0x30 binaries/memset.o
                0x0000000000107281                memset
 .text          0x00000000001072b1       0x4d binaries/printf.o
                0x00000000001072b1                printf
 .text          0x00000000001072fe       0x31 binaries/putchar.o
                0x00000000001072fe                putchar
 .text          0x000000000010732f      0x28c binaries/qsort.o
                0x000000000010732f                qsort
 .text          0x00000000001075bb       0x5f binaries/rand.o
                0x00000000001075bb                rand
                0x00000000001075cf                rand_r
                0x000000000010760d                srand
 .text          0x000000000010761a       0x6f binaries/sprintf.o
                0x000000000010761a                sprintf
 .text          0x0000000000107689       0x7f binaries/sscanf.o
                0x0000000000107689                sscanf
 .text          0x0000000000107708       0x3c binaries/strchr.o
                0x0000000000107708                strchr
 .text          0x0000000000107744       0x45 binaries/strcmp.o
                0x0000000000107744                strcmp
 .text          0x0000000000107789       0x27 binaries/strcpy.o
                0x0000000000107789                strcpy
 .text          0x00000000001077b0       0x26 binaries/strlen.o
                0x00000000001077b0                strlen
 .text          0x00000000001077d6       0x56 binaries/strncat.o
                0x00000000001077d6                strncat
 .text          0x000000000010782c       0x5e binaries/strncmp.o
                0x000000000010782c                strncmp
 .text          0x000000000010788a       0x4f binaries/strncpy.o
                0x000000000010788a                strncpy
 .text          0x00000000001078d9       0x2e binaries/strnlen.o
                0x00000000001078d9                strnlen
 .text          0x0000000000107907       0x45 binaries/strrchr.o
                0x0000000000107907                strrchr
 .text          0x000000000010794c       0x6d binaries/strstr.o
                0x000000000010794c                strstr
 .text          0x00000000001079b9       0xd8 binaries/ttycontrol.o
                0x00000000001079b9                ttycontrol
 .text          0x0000000000107a91       0x93 binaries/ttygetc.o
                0x0000000000107a91                ttygetc
 .text          0x0000000000107b24      0x756 binaries/ttyhandle_in.o
                0x0000000000107b24                ttyhandle_in
 .text          0x000000000010827a      0x19f binaries/ttyhandle_out.o
                0x000000000010827a                ttyhandle_out
 .text          0x0000000000108419       0xc6 binaries/ttyhandler.o
                0x0000000000108419                ttyhandler
 .text          0x00000000001084df      0x22b binaries/ttyinit.o
                0x00000000001084df                ttyinit
 .text          0x000000000010870a       0x1d binaries/ttykickout.o
                0x000000000010870a                ttykickout
 .text          0x0000000000108727       0xb2 binaries/ttyputc.o
                0x0000000000108727                ttyputc
 .text          0x00000000001087d9      0x10f binaries/ttyread.o
                0x00000000001087d9                ttyread
 .text          0x00000000001088e8       0x4f binaries/ttywrite.o
                0x00000000001088e8                ttywrite
 .text          0x0000000000108937      0x16a binaries/mount.o
                0x0000000000108937                mount
                0x0000000000108a6b                namlen
 .text          0x0000000000108aa1      0x229 binaries/naminit.o
                0x0000000000108aa1                naminit
 .text          0x0000000000108cca      0x216 binaries/nammap.o
                0x0000000000108cca                nammap
                0x0000000000108d5b                namrepl
                0x0000000000108e90                namcpy
 .text          0x0000000000108ee0       0x55 binaries/namopen.o
                0x0000000000108ee0                namopen
 .text          0x0000000000108f35      0xfa3 binaries/82545EMInit.o
                0x0000000000108f8c                _82545EMInit
                0x0000000000109d32                _82545EM_read_phy_reg
                0x0000000000109e01                _82545EM_write_phy_reg
 .text          0x0000000000109ed8      0x24c binaries/ethcontrol.o
                0x0000000000109f2f                ethcontrol
                0x000000000010a0ac                ethIrqDisable
                0x000000000010a0e8                ethIrqEnable
 .text          0x000000000010a124      0x241 binaries/ethhandler.o
                0x000000000010a295                ethhandler
 .text          0x000000000010a365      0x122 binaries/ethinit.o
                0x000000000010a365                ethinit
 .text          0x000000000010a487      0x1f0 binaries/ethread.o
                0x000000000010a4de                ethread
 .text          0x000000000010a677      0x19a binaries/ethwrite.o
                0x000000000010a6ce                ethwrite
 .text          0x000000000010a811      0x2c1 binaries/rdscomm.o
                0x000000000010a811                rdscomm
 .text          0x000000000010aad2      0x21b binaries/rdscontrol.o
                0x000000000010aad2                rdscontrol
 .text          0x000000000010aced       0x4e binaries/rdsinit.o
                0x000000000010aced                rdsinit
 .text          0x000000000010ad3b      0x385 binaries/rdsopen.o
                0x000000000010ad3b                rdsopen
 .text          0x000000000010b0c0      0x40d binaries/rdsprocess.o
                0x000000000010b0c0                rdsprocess
 .text          0x000000000010b4cd      0x5b2 binaries/rdsqfcns.o
                0x000000000010b4cd                rdqunlink
                0x000000000010b56f                rdqinsert
                0x000000000010b5c4                rdcunlink
                0x000000000010b66e                rdcinsert
                0x000000000010b74f                edqdump
                0x000000000010b90b                edcdump
 .text          0x000000000010ba7f      0x1d7 binaries/rdsread.o
                0x000000000010ba7f                rdsread
 .text          0x000000000010bc56       0x58 binaries/rdssetprio.o
                0x000000000010bc56                rdssetprio
 .text          0x000000000010bcae      0x117 binaries/rdswrite.o
                0x000000000010bcae                rdswrite
 .text          0x000000000010bdc5        0xa binaries/ramclose.o
                0x000000000010bdc5                ramclose
 .text          0x000000000010bdcf       0x45 binaries/raminit.o
                0x000000000010bdcf                raminit
 .text          0x000000000010be14        0xa binaries/ramopen.o
                0x000000000010be14                ramopen
 .text          0x000000000010be1e       0x35 binaries/ramread.o
                0x000000000010be1e                ramread
 .text          0x000000000010be53       0x36 binaries/ramwrite.o
                0x000000000010be53                ramwrite
 .text          0x000000000010be89       0x9e binaries/lfdballoc.o
                0x000000000010be89                lfdballoc
 .text          0x000000000010bf27       0x62 binaries/lfdbfree.o
                0x000000000010bf27                lfdbfree
 .text          0x000000000010bf89       0xbf binaries/lfflush.o
                0x000000000010bf89                lfflush
 .text          0x000000000010c048       0xd8 binaries/lfgetmode.o
                0x000000000010c048                lfgetmode
 .text          0x000000000010c120       0x6c binaries/lfiballoc.o
                0x000000000010c120                lfiballoc
 .text          0x000000000010c18c       0x3b binaries/lfibclear.o
                0x000000000010c18c                lfibclear
 .text          0x000000000010c1c7       0xae binaries/lfibget.o
                0x000000000010c1c7                lfibget
 .text          0x000000000010c275       0xe0 binaries/lfibput.o
                0x000000000010c275                lfibput
 .text          0x000000000010c355       0x93 binaries/lflclose.o
                0x000000000010c355                lflclose
 .text          0x000000000010c3e8       0xb5 binaries/lflcontrol.o
                0x000000000010c3e8                lflcontrol
 .text          0x000000000010c49d       0xdf binaries/lflgetc.o
                0x000000000010c49d                lflgetc
 .text          0x000000000010c57c       0xfb binaries/lflinit.o
                0x000000000010c57c                lflinit
 .text          0x000000000010c677      0x10f binaries/lflputc.o
                0x000000000010c677                lflputc
 .text          0x000000000010c786       0x6d binaries/lflread.o
                0x000000000010c786                lflread
 .text          0x000000000010c7f3       0x9c binaries/lflseek.o
                0x000000000010c7f3                lflseek
 .text          0x000000000010c88f       0x55 binaries/lflwrite.o
                0x000000000010c88f                lflwrite
 .text          0x000000000010c8e4       0x62 binaries/lfscheck.o
                0x000000000010c8e4                lfscheck
 .text          0x000000000010c946      0x176 binaries/lfsckfmt.o
                0x000000000010c946                lfsckfmt
 .text          0x000000000010cabc      0x221 binaries/lfscreate.o
                0x000000000010cabc                lfscreate
 .text          0x000000000010ccdd      0x282 binaries/lfsetup.o
                0x000000000010ccdd                lfsetup
 .text          0x000000000010cf5f       0x55 binaries/lfsinit.o
                0x000000000010cf5f                lfsinit
 .text          0x000000000010cfb4      0x3cb binaries/lfsopen.o
                0x000000000010cfb4                lfsopen
 .text          0x000000000010d37f      0x161 binaries/lftruncate.o
                0x000000000010d37f                lftruncate
 .text          0x000000000010d4e0      0x1a5 binaries/rflclose.o
                0x000000000010d4e0                rflclose
 .text          0x000000000010d685       0x5d binaries/rflgetc.o
                0x000000000010d685                rflgetc
 .text          0x000000000010d6e2       0x76 binaries/rflinit.o
                0x000000000010d6e2                rflinit
 .text          0x000000000010d758       0x39 binaries/rflputc.o
                0x000000000010d758                rflputc
 .text          0x000000000010d791      0x386 binaries/rflread.o
                0x000000000010d791                rflread
 .text          0x000000000010db17       0x68 binaries/rflseek.o
                0x000000000010db17                rflseek
 .text          0x000000000010db7f      0x336 binaries/rflwrite.o
                0x000000000010db7f                rflwrite
 .text          0x000000000010deb5      0x22f binaries/rfscomm.o
                0x000000000010deb5                rfscomm
 .text          0x000000000010e0e4      0x258 binaries/rfscontrol.o
                0x000000000010e0e4                rfscontrol
 .text          0x000000000010e33c       0xd8 binaries/rfsgetmode.o
                0x000000000010e33c                rfsgetmode
 .text          0x000000000010e414       0x61 binaries/rfsinit.o
                0x000000000010e414                rfsinit
 .text          0x000000000010e475      0x128 binaries/rfsndmsg.o
                0x000000000010e475                rfsndmsg
 .text          0x000000000010e59d      0x28d binaries/rfsopen.o
                0x000000000010e59d                rfsopen
 .text          0x000000000010e82a      0x855 binaries/arp.o
                0x000000000010e82a                arp_init
                0x000000000010e85c                arp_resolve
                0x000000000010eb29                arp_in
                0x000000000010eddb                arp_alloc
                0x000000000010eea7                arp_ntoh
                0x000000000010ef93                arp_hton
 .text          0x000000000010f07f      0x947 binaries/dhcp.o
                0x000000000010f07f                dhcp_get_opt_val
                0x000000000010f0d8                dhcp_bld_bootp_msg
                0x000000000010f202                dhcp_bld_disc
                0x000000000010f2e8                dhcp_bld_req
                0x000000000010f465                getlocalip
 .text          0x000000000010f9c6      0x6e3 binaries/dns.o
                0x000000000010f9c6                dnslookup
 .text          0x00000000001100a9       0xe0 binaries/dot2ip.o
                0x00000000001100a9                dot2ip
 .text          0x0000000000110189      0x468 binaries/hexdump.o
                0x0000000000110189                hexdump
                0x000000000011030c                hexadump
 .text          0x00000000001105f1      0x8c4 binaries/icmp.o
                0x00000000001105f1                icmp_init
                0x0000000000110627                icmp_in
                0x000000000011082f                icmp_register
                0x0000000000110921                icmp_recv
                0x0000000000110a9a                icmp_send
                0x0000000000110b2f                icmp_mkpkt
                0x0000000000110c4a                icmp_release
                0x0000000000110d3a                icmp_cksum
                0x0000000000110dcd                icmp_hton
                0x0000000000110e41                icmp_ntoh
 .text          0x0000000000110eb5      0x81d binaries/ip.o
                0x0000000000110eb5                ip_in
                0x0000000000111001                ip_send
                0x0000000000111143                ip_local
                0x0000000000111186                ip_out
                0x00000000001112b3                ipcksum
                0x0000000000111339                ip_ntoh
                0x0000000000111425                ip_hton
                0x0000000000111511                ipout
                0x0000000000111633                ip_enqueue
 .text          0x00000000001116d2      0x2ed binaries/net.o
                0x00000000001116d2                net_init
                0x000000000011182a                netin
                0x00000000001118d6                eth_hton
                0x0000000000111900                eth_ntoh
                0x000000000011192a                getport
 .text          0x00000000001119bf     0x1539 binaries/pdump.o
                0x00000000001119bf                pdump
                0x00000000001127db                pdumph
 .text          0x0000000000112ef8      0x64a binaries/tftp.o
                0x0000000000112ef8                tftp_send1
                0x0000000000113088                tftpget
                0x00000000001130ca                tftpget_mb
 .text          0x0000000000113542      0xb08 binaries/udp.o
                0x0000000000113542                udp_init
                0x0000000000113576                udp_in
                0x00000000001136b1                udp_register
                0x00000000001137e5                udp_recv
                0x000000000011396b                udp_recvaddr
                0x0000000000113b09                udp_send
                0x0000000000113cd8                udp_sendto
                0x0000000000113e73                udp_release
                0x0000000000113f60                udp_ntoh
                0x0000000000113fd5                udp_hton
 .text          0x000000000011404a      0x135 binaries/addargs.o
                0x000000000011404a                addargs
 .text          0x000000000011417f      0x2c9 binaries/lexan.o
                0x000000000011417f                lexan
 .text          0x0000000000114448      0x6e9 binaries/shell.o
                0x0000000000114448                shell
 .text          0x0000000000114b31       0x68 binaries/xsh_argecho.o
                0x0000000000114b31                xsh_argecho
 .text          0x0000000000114b99      0x23a binaries/xsh_arp.o
                0x0000000000114b99                xsh_arp
 .text          0x0000000000114dd3      0x245 binaries/xsh_cat.o
                0x0000000000114dd3                xsh_cat
 .text          0x0000000000115018       0x59 binaries/xsh_clear.o
                0x0000000000115018                xsh_clear
 .text          0x0000000000115071      0x2e0 binaries/xsh_date.o
                0x0000000000115071                xsh_date
 .text          0x0000000000115351       0xab binaries/xsh_devdump.o
                0x0000000000115351                xsh_devdump
 .text          0x00000000001153fc       0x6c binaries/xsh_echo.o
                0x00000000001153fc                xsh_echo
 .text          0x0000000000115468        0xa binaries/xsh_exit.o
                0x0000000000115468                xsh_exit
 .text          0x0000000000115472      0x368 binaries/xsh_help.o
                0x0000000000115472                xsh_help
 .text          0x00000000001157da      0x232 binaries/xsh_kill.o
                0x00000000001157da                xsh_kill
 .text          0x0000000000115a0c      0x531 binaries/xsh_ls.o
                0x0000000000115a0c                xsh_ls
 .text          0x0000000000115f3d      0x50a binaries/xsh_memdump.o
                0x0000000000115f3d                xsh_memdump
 .text          0x0000000000116447      0x293 binaries/xsh_memstat.o
                0x0000000000116447                xsh_memstat
 .text          0x00000000001166da      0x5ae binaries/xsh_netinfo.o
                0x00000000001166da                xsh_netinfo
 .text          0x0000000000116c88      0x5e8 binaries/xsh_ns.o
                0x0000000000116c88                xsh_ns
 .text          0x0000000000117270      0x3c7 binaries/xsh_ping.o
                0x0000000000117270                xsh_ping
 .text          0x0000000000117637      0x25a binaries/xsh_ps.o
                0x0000000000117637                xsh_ps
 .text          0x0000000000117891      0x20f binaries/xsh_sleep.o
                0x0000000000117891                xsh_sleep
 .text          0x0000000000117aa0      0x2b2 binaries/xsh_udpdump.o
                0x0000000000117aa0                xsh_udpdump
 .text          0x0000000000117d52      0x578 binaries/xsh_udpecho.o
                0x0000000000117d52                xsh_udpecho
 .text          0x00000000001182ca      0x2c6 binaries/xsh_udpserver.o
                0x00000000001182ca                xsh_udpeserver
 .text          0x0000000000118590      0x1dd binaries/xsh_uptime.o
                0x0000000000118590                xsh_uptime
 .text          0x000000000011876d        0xe binaries/clkdisp.o
                0x000000000011876d                clkdisp
 .text          0x000000000011877b       0x19 binaries/ctxsw.o
                0x000000000011877b                ctxsw
 .text          0x0000000000118794      0x368 binaries/intr.o
                0x0000000000118794                disable
                0x000000000011879d                restore
                0x00000000001187ab                enable
                0x00000000001187ad                pause
                0x00000000001187b4                halt
                0x00000000001187b7                spurious_irq7
                0x00000000001187bc                spurious_irq15
                0x00000000001187cb                _Xint0
                0x00000000001187d6                _Xint1
                0x00000000001187e1                _Xint2
                0x00000000001187ec                _Xint3
                0x00000000001187f7                _Xint4
                0x0000000000118802                _Xint5
                0x000000000011880d                _Xint6
                0x0000000000118818                _Xint7
                0x0000000000118823                _Xint8
                0x000000000011882e                _Xint9
                0x0000000000118839                _Xint10
                0x0000000000118844                _Xint11
                0x0000000000118852                _Xint12
                0x0000000000118860                _Xint13
                0x000000000011886e                _Xint14
                0x000000000011887c                _Xint15
                0x000000000011888a                _Xint16
                0x0000000000118898                _Xint17
                0x00000000001188a6                _Xint18
                0x00000000001188b4                _Xint19
                0x00000000001188c2                _Xint20
                0x00000000001188d0                _Xint21
                0x00000000001188de                _Xint22
                0x00000000001188ec                _Xint23
                0x00000000001188fa                _Xint24
                0x0000000000118908                _Xint25
                0x0000000000118916                _Xint26
                0x0000000000118924                _Xint27
                0x0000000000118932                _Xint28
                0x0000000000118940                _Xint29
                0x000000000011894e                _Xint30
                0x000000000011895c                _Xint31
                0x000000000011896a                _Xint32
                0x0000000000118978                _Xint33
                0x0000000000118986                _Xint34
                0x0000000000118994                _Xint35
                0x00000000001189a2                _Xint36
                0x00000000001189b0                _Xint37
                0x00000000001189be                _Xint38
                0x00000000001189cc                _Xint39
                0x00000000001189da                _Xint40
                0x00000000001189e8                _Xint41
                0x00000000001189f6                _Xint42
                0x0000000000118a04                _Xint43
                0x0000000000118a12                _Xint44
                0x0000000000118a20                _Xint45
                0x0000000000118a2e                _Xint46
                0x0000000000118a3c                defevec
 .text          0x0000000000118afc        0x8 binaries/pagefault_handler_disp.o
                0x0000000000118afc                pagefault_handler_disp
 .text          0x0000000000118b04        0xf binaries/ttydispatch.o
                0x0000000000118b04                ttydispatch
 .text          0x0000000000118b13       0x13 binaries/ethdispatch.o
                0x0000000000118b13                ethdispatch
 *(.rodata .rodata.*)
 *fill*         0x0000000000118b26        0x2 
 .rodata        0x0000000000118b28       0x8e binaries/ascdate.o
 .rodata        0x0000000000118bb6       0xae binaries/conf.o
 .rodata        0x0000000000118c64      0x22f binaries/evec.o
 *fill*         0x0000000000118e93        0x1 
 .rodata        0x0000000000118e94       0x61 binaries/getutime.o
 *fill*         0x0000000000118ef5        0x3 
 .rodata        0x0000000000118ef8       0x90 binaries/i386.o
 .rodata        0x0000000000118f88      0x188 binaries/initialize.o
 .rodata        0x0000000000119110       0x20 binaries/kill.o
 .rodata        0x0000000000119130      0x421 binaries/main.o
 .rodata        0x0000000000119551        0xf binaries/panic.o
 .rodata        0x0000000000119560      0x1ec binaries/pci.o
 .rodata        0x000000000011974c       0x1d binaries/ptinit.o
 *fill*         0x0000000000119769        0x3 
 .rodata        0x000000000011976c       0x25 binaries/ptsend.o
 *fill*         0x0000000000119791        0x3 
 .rodata        0x0000000000119794       0xb7 binaries/stacktrace.o
 *fill*         0x000000000011984b        0x1 
 .rodata        0x000000000011984c       0x27 binaries/xdone.o
 *fill*         0x0000000000119873        0xd 
 .rodata        0x0000000000119880       0x81 binaries/ctype_.o
                0x0000000000119880                _ctype_
 *fill*         0x0000000000119901        0x3 
 .rodata        0x0000000000119904       0xee binaries/doprnt.o
 *fill*         0x00000000001199f2        0x2 
 .rodata        0x00000000001199f4       0x98 binaries/doscan.o
 .rodata        0x0000000000119a8c       0xae binaries/fdoprnt.o
 *fill*         0x0000000000119b3a        0x2 
 .rodata        0x0000000000119b3c       0x20 binaries/ttycontrol.o
 .rodata        0x0000000000119b5c       0x34 binaries/ttyhandler.o
 .rodata        0x0000000000119b90       0x14 binaries/mount.o
 .rodata        0x0000000000119ba4       0x82 binaries/naminit.o
 *fill*         0x0000000000119c26        0x2 
 .rodata        0x0000000000119c28       0x2e binaries/82545EMInit.o
 *fill*         0x0000000000119c56        0x2 
 .rodata        0x0000000000119c58       0x78 binaries/ethinit.o
 .rodata        0x0000000000119cd0       0x18 binaries/ethread.o
 .rodata        0x0000000000119ce8       0x76 binaries/rdscomm.o
 *fill*         0x0000000000119d5e        0x2 
 .rodata        0x0000000000119d60       0x21 binaries/rdscontrol.o
 *fill*         0x0000000000119d81        0x3 
 .rodata        0x0000000000119d84       0xae binaries/rdsopen.o
 *fill*         0x0000000000119e32        0x2 
 .rodata        0x0000000000119e34       0x3e binaries/rdsprocess.o
 *fill*         0x0000000000119e72        0x2 
 .rodata        0x0000000000119e74       0xe2 binaries/rdsqfcns.o
 .rodata        0x0000000000119f56        0x9 binaries/raminit.o
 *fill*         0x0000000000119f5f        0x1 
 .rodata        0x0000000000119f60       0x36 binaries/lfdballoc.o
 .rodata        0x0000000000119f96       0x14 binaries/lfiballoc.o
 *fill*         0x0000000000119faa        0x2 
 .rodata        0x0000000000119fac       0x22 binaries/lflcontrol.o
 *fill*         0x0000000000119fce        0x2 
 .rodata        0x0000000000119fd0      0x118 binaries/lfsckfmt.o
 .rodata        0x000000000011a0e8       0x66 binaries/lfsopen.o
 *fill*         0x000000000011a14e        0x2 
 .rodata        0x000000000011a150       0x21 binaries/rflclose.o
 *fill*         0x000000000011a171        0x3 
 .rodata        0x000000000011a174       0x21 binaries/rflread.o
 *fill*         0x000000000011a195        0x3 
 .rodata        0x000000000011a198       0x21 binaries/rflwrite.o
 *fill*         0x000000000011a1b9        0x3 
 .rodata        0x000000000011a1bc       0xa1 binaries/rfscomm.o
 *fill*         0x000000000011a25d        0x3 
 .rodata        0x000000000011a260       0x3c binaries/rfscontrol.o
 .rodata        0x000000000011a29c       0x2b binaries/rfsinit.o
 *fill*         0x000000000011a2c7        0x1 
 .rodata        0x000000000011a2c8       0x2a binaries/rfsndmsg.o
 *fill*         0x000000000011a2f2        0x2 
 .rodata        0x000000000011a2f4       0x21 binaries/rfsopen.o
 *fill*         0x000000000011a315        0x3 
 .rodata        0x000000000011a318       0x3a binaries/arp.o
 *fill*         0x000000000011a352        0x2 
 .rodata        0x000000000011a354       0xcf binaries/dhcp.o
 .rodata        0x000000000011a423       0x24 binaries/dns.o
 *fill*         0x000000000011a447        0x1 
 .rodata        0x000000000011a448       0xc9 binaries/hexdump.o
 *fill*         0x000000000011a511        0x3 
 .rodata        0x000000000011a514       0x29 binaries/icmp.o
 *fill*         0x000000000011a53d        0x3 
 .rodata        0x000000000011a540       0x52 binaries/ip.o
 *fill*         0x000000000011a592        0x2 
 .rodata        0x000000000011a594       0x4f binaries/net.o
 *fill*         0x000000000011a5e3        0x1 
 .rodata        0x000000000011a5e4      0x26f binaries/pdump.o
 *fill*         0x000000000011a853        0x1 
 .rodata        0x000000000011a854      0x154 binaries/tftp.o
 *fill*         0x000000000011a9a8       0x18 
 .rodata        0x000000000011a9c0      0x3f9 binaries/shell.o
                0x000000000011aa60                cmdtab
 .rodata        0x000000000011adb9       0x28 binaries/xsh_argecho.o
 *fill*         0x000000000011ade1        0x3 
 .rodata        0x000000000011ade4      0x123 binaries/xsh_arp.o
 *fill*         0x000000000011af07        0x1 
 .rodata        0x000000000011af08       0xc9 binaries/xsh_cat.o
 .rodata        0x000000000011afd1       0x19 binaries/xsh_clear.o
 *fill*         0x000000000011afea        0x2 
 .rodata        0x000000000011afec      0x1c3 binaries/xsh_date.o
 .rodata        0x000000000011b1af       0x5d binaries/xsh_devdump.o
 .rodata        0x000000000011b20c        0x9 binaries/xsh_echo.o
 *fill*         0x000000000011b215        0x3 
 .rodata        0x000000000011b218      0x169 binaries/xsh_help.o
 *fill*         0x000000000011b381        0x3 
 .rodata        0x000000000011b384      0x12e binaries/xsh_kill.o
 *fill*         0x000000000011b4b2        0x2 
 .rodata        0x000000000011b4b4      0x190 binaries/xsh_ls.o
 .rodata        0x000000000011b644      0x266 binaries/xsh_memdump.o
 *fill*         0x000000000011b8aa        0x2 
 .rodata        0x000000000011b8ac      0x225 binaries/xsh_memstat.o
 *fill*         0x000000000011bad1        0x3 
 .rodata        0x000000000011bad4      0x1b0 binaries/xsh_netinfo.o
 *fill*         0x000000000011bc84       0x1c 
 .rodata        0x000000000011bca0      0x340 binaries/xsh_ns.o
 .rodata        0x000000000011bfe0      0x19d binaries/xsh_ping.o
 *fill*         0x000000000011c17d        0x3 
 .rodata        0x000000000011c180      0x1e0 binaries/xsh_ps.o
 .rodata        0x000000000011c360       0xeb binaries/xsh_sleep.o
 *fill*         0x000000000011c44b        0x1 
 .rodata        0x000000000011c44c      0x1b8 binaries/xsh_udpdump.o
 .rodata        0x000000000011c604      0x27d binaries/xsh_udpecho.o
 *fill*         0x000000000011c881        0x3 
 .rodata        0x000000000011c884      0x12b binaries/xsh_udpserver.o
 *fill*         0x000000000011c9af        0x1 
 .rodata        0x000000000011c9b0      0x105 binaries/xsh_uptime.o
                0x000000000011cab5                etext = ABSOLUTE (.)
                0x000000000011d000                . = ALIGN (0x1000)
 *fill*         0x000000000011cab5      0x54b 

.eh_frame       0x000000000011d000     0x3014
 .eh_frame      0x000000000011d000       0x40 binaries/ascdate.o
 .eh_frame      0x000000000011d040       0x20 binaries/bufinit.o
                                         0x38 (size before relaxing)
 .eh_frame      0x000000000011d060       0x20 binaries/chprio.o
                                         0x38 (size before relaxing)
 .eh_frame      0x000000000011d080       0x20 binaries/clkhandler.o
                                         0x38 (size before relaxing)
 .eh_frame      0x000000000011d0a0       0x20 binaries/clkinit.o
                                         0x38 (size before relaxing)
 .eh_frame      0x000000000011d0c0       0x20 binaries/close.o
                                         0x38 (size before relaxing)
 .eh_frame      0x000000000011d0e0       0x20 binaries/control.o
                                         0x38 (size before relaxing)
 .eh_frame      0x000000000011d100      0x100 binaries/control_reg.o
                                        0x118 (size before relaxing)
 .eh_frame      0x000000000011d200       0x40 binaries/create.o
                                         0x58 (size before relaxing)
 .eh_frame      0x000000000011d240       0x60 binaries/evec.o
                                         0x78 (size before relaxing)
 .eh_frame      0x000000000011d2a0       0x20 binaries/exit.o
                                         0x38 (size before relaxing)
 .eh_frame      0x000000000011d2c0       0x20 binaries/freebuf.o
                                         0x38 (size before relaxing)
 .eh_frame      0x000000000011d2e0       0x20 binaries/freemem.o
                                         0x38 (size before relaxing)
 .eh_frame      0x000000000011d300       0x20 binaries/getbuf.o
                                         0x38 (size before relaxing)
 .eh_frame      0x000000000011d320       0x20 binaries/getc.o
                                         0x38 (size before relaxing)
 .eh_frame      0x000000000011d340       0x20 binaries/getdev.o
                                         0x38 (size before relaxing)
 .eh_frame      0x000000000011d360       0x60 binaries/getitem.o
                                         0x78 (size before relaxing)
 .eh_frame      0x000000000011d3c0       0x20 binaries/getmem.o
                                         0x38 (size before relaxing)
 .eh_frame      0x000000000011d3e0       0x20 binaries/getpid.o
                                         0x38 (size before relaxing)
 .eh_frame      0x000000000011d400       0x20 binaries/getprio.o
                                         0x38 (size before relaxing)
 .eh_frame      0x000000000011d420       0x20 binaries/getstk.o
                                         0x38 (size before relaxing)
 .eh_frame      0x000000000011d440       0x20 binaries/getticks.o
                                         0x38 (size before relaxing)
 .eh_frame      0x000000000011d460       0x20 binaries/gettime.o
                                         0x38 (size before relaxing)
 .eh_frame      0x000000000011d480       0x20 binaries/getutime.o
                                         0x38 (size before relaxing)
 .eh_frame      0x000000000011d4a0       0x8c binaries/i386.o
                                         0xa4 (size before relaxing)
 .eh_frame      0x000000000011d52c       0x20 binaries/init.o
                                         0x38 (size before relaxing)
 .eh_frame      0x000000000011d54c       0xc0 binaries/initialize.o
                                         0xd8 (size before relaxing)
 .eh_frame      0x000000000011d60c       0x20 binaries/insert.o
                                         0x38 (size before relaxing)
 .eh_frame      0x000000000011d62c       0x20 binaries/insertd.o
                                         0x38 (size before relaxing)
 .eh_frame      0x000000000011d64c       0x20 binaries/ioerr.o
                                         0x38 (size before relaxing)
 .eh_frame      0x000000000011d66c       0x20 binaries/ionull.o
                                         0x38 (size before relaxing)
 .eh_frame      0x000000000011d68c       0x20 binaries/kill.o
                                         0x38 (size before relaxing)
 .eh_frame      0x000000000011d6ac       0x60 binaries/kprintf.o
                                         0x78 (size before relaxing)
 .eh_frame      0x000000000011d70c       0xcc binaries/main.o
                                         0xe4 (size before relaxing)
 .eh_frame      0x000000000011d7d8       0x40 binaries/mark.o
                                         0x58 (size before relaxing)
 .eh_frame      0x000000000011d818       0x20 binaries/meminit.o
                                         0x38 (size before relaxing)
 .eh_frame      0x000000000011d838       0x20 binaries/mkbufpool.o
                                         0x38 (size before relaxing)
 .eh_frame      0x000000000011d858       0x20 binaries/newqueue.o
                                         0x38 (size before relaxing)
 .eh_frame      0x000000000011d878       0x20 binaries/open.o
                                         0x38 (size before relaxing)
 .eh_frame      0x000000000011d898       0x1c binaries/panic.o
                                         0x34 (size before relaxing)
 .eh_frame      0x000000000011d8b4      0x1c8 binaries/pci.o
                                        0x1e0 (size before relaxing)
 .eh_frame      0x000000000011da7c       0x40 binaries/private_heap.o
                                         0x58 (size before relaxing)
 .eh_frame      0x000000000011dabc       0x20 binaries/ptclear.o
                                         0x38 (size before relaxing)
 .eh_frame      0x000000000011dadc       0x20 binaries/ptcount.o
                                         0x38 (size before relaxing)
 .eh_frame      0x000000000011dafc       0x20 binaries/ptcreate.o
                                         0x38 (size before relaxing)
 .eh_frame      0x000000000011db1c       0x20 binaries/ptdelete.o
                                         0x38 (size before relaxing)
 .eh_frame      0x000000000011db3c       0x20 binaries/ptinit.o
                                         0x38 (size before relaxing)
 .eh_frame      0x000000000011db5c       0x20 binaries/ptrecv.o
                                         0x38 (size before relaxing)
 .eh_frame      0x000000000011db7c       0x20 binaries/ptreset.o
                                         0x38 (size before relaxing)
 .eh_frame      0x000000000011db9c       0x20 binaries/ptsend.o
                                         0x38 (size before relaxing)
 .eh_frame      0x000000000011dbbc       0x20 binaries/putc.o
                                         0x38 (size before relaxing)
 .eh_frame      0x000000000011dbdc       0x40 binaries/queue.o
                                         0x58 (size before relaxing)
 .eh_frame      0x000000000011dc1c       0x20 binaries/read.o
                                         0x38 (size before relaxing)
 .eh_frame      0x000000000011dc3c       0x24 binaries/ready.o
                                         0x3c (size before relaxing)
 .eh_frame      0x000000000011dc60       0x20 binaries/receive.o
                                         0x38 (size before relaxing)
 .eh_frame      0x000000000011dc80       0x20 binaries/recvclr.o
                                         0x38 (size before relaxing)
 .eh_frame      0x000000000011dca0       0x20 binaries/recvtime.o
                                         0x38 (size before relaxing)
 .eh_frame      0x000000000011dcc0       0x40 binaries/resched.o
                                         0x58 (size before relaxing)
 .eh_frame      0x000000000011dd00       0x20 binaries/resume.o
                                         0x38 (size before relaxing)
 .eh_frame      0x000000000011dd20       0x20 binaries/seek.o
                                         0x38 (size before relaxing)
 .eh_frame      0x000000000011dd40       0x20 binaries/semcount.o
                                         0x38 (size before relaxing)
 .eh_frame      0x000000000011dd60       0x40 binaries/semcreate.o
                                         0x58 (size before relaxing)
 .eh_frame      0x000000000011dda0       0x20 binaries/semdelete.o
                                         0x38 (size before relaxing)
 .eh_frame      0x000000000011ddc0       0x20 binaries/semreset.o
                                         0x38 (size before relaxing)
 .eh_frame      0x000000000011dde0       0x20 binaries/send.o
                                         0x38 (size before relaxing)
 .eh_frame      0x000000000011de00       0x20 binaries/signal.o
                                         0x38 (size before relaxing)
 .eh_frame      0x000000000011de20       0x20 binaries/signaln.o
                                         0x38 (size before relaxing)
 .eh_frame      0x000000000011de40       0x40 binaries/sleep.o
                                         0x58 (size before relaxing)
 .eh_frame      0x000000000011de80       0x20 binaries/stacktrace.o
                                         0x38 (size before relaxing)
 .eh_frame      0x000000000011dea0       0x20 binaries/suspend.o
                                         0x38 (size before relaxing)
 .eh_frame      0x000000000011dec0       0x20 binaries/unsleep.o
                                         0x38 (size before relaxing)
 .eh_frame      0x000000000011dee0       0x20 binaries/userret.o
                                         0x38 (size before relaxing)
 .eh_frame      0x000000000011df00       0x80 binaries/utility_functions.o
                                         0x98 (size before relaxing)
 .eh_frame      0x000000000011df80       0x40 binaries/vcreate.o
                                         0x58 (size before relaxing)
 .eh_frame      0x000000000011dfc0       0x20 binaries/wait.o
                                         0x38 (size before relaxing)
 .eh_frame      0x000000000011dfe0       0x20 binaries/wakeup.o
                                         0x38 (size before relaxing)
 .eh_frame      0x000000000011e000       0x20 binaries/write.o
                                         0x38 (size before relaxing)
 .eh_frame      0x000000000011e020       0x20 binaries/xdone.o
                                         0x38 (size before relaxing)
 .eh_frame      0x000000000011e040       0x20 binaries/yield.o
                                         0x38 (size before relaxing)
 .eh_frame      0x000000000011e060       0x20 binaries/abs.o
                                         0x38 (size before relaxing)
 .eh_frame      0x000000000011e080       0x20 binaries/atoi.o
                                         0x38 (size before relaxing)
 .eh_frame      0x000000000011e0a0       0x20 binaries/atol.o
                                         0x38 (size before relaxing)
 .eh_frame      0x000000000011e0c0       0x20 binaries/bzero.o
                                         0x38 (size before relaxing)
 .eh_frame      0x000000000011e0e0       0xe4 binaries/doprnt.o
                                         0xfc (size before relaxing)
 .eh_frame      0x000000000011e1c4       0xb0 binaries/doscan.o
                                         0xc8 (size before relaxing)
 .eh_frame      0x000000000011e274       0xc0 binaries/fdoprnt.o
                                         0xd8 (size before relaxing)
 .eh_frame      0x000000000011e334       0x20 binaries/fgetc.o
                                         0x38 (size before relaxing)
 .eh_frame      0x000000000011e354       0x20 binaries/fgets.o
                                         0x38 (size before relaxing)
 .eh_frame      0x000000000011e374       0x20 binaries/fprintf.o
                                         0x38 (size before relaxing)
 .eh_frame      0x000000000011e394       0x20 binaries/fputc.o
                                         0x38 (size before relaxing)
 .eh_frame      0x000000000011e3b4       0x20 binaries/fputs.o
                                         0x38 (size before relaxing)
 .eh_frame      0x000000000011e3d4       0x60 binaries/fscanf.o
                                         0x78 (size before relaxing)
 .eh_frame      0x000000000011e434       0x20 binaries/getchar.o
                                         0x38 (size before relaxing)
 .eh_frame      0x000000000011e454       0x20 binaries/labs.o
                                         0x38 (size before relaxing)
 .eh_frame      0x000000000011e474       0x20 binaries/memcmp.o
                                         0x38 (size before relaxing)
 .eh_frame      0x000000000011e494       0x24 binaries/memcpy.o
                                         0x3c (size before relaxing)
 .eh_frame      0x000000000011e4b8       0x24 binaries/memset.o
                                         0x3c (size before relaxing)
 .eh_frame      0x000000000011e4dc       0x20 binaries/printf.o
                                         0x38 (size before relaxing)
 .eh_frame      0x000000000011e4fc       0x20 binaries/putchar.o
                                         0x38 (size before relaxing)
 .eh_frame      0x000000000011e51c       0xa8 binaries/qsort.o
                                         0xc0 (size before relaxing)
 .eh_frame      0x000000000011e5c4       0x60 binaries/rand.o
                                         0x78 (size before relaxing)
 .eh_frame      0x000000000011e624       0x40 binaries/sprintf.o
                                         0x58 (size before relaxing)
 .eh_frame      0x000000000011e664       0x60 binaries/sscanf.o
                                         0x78 (size before relaxing)
 .eh_frame      0x000000000011e6c4       0x20 binaries/strchr.o
                                         0x38 (size before relaxing)
 .eh_frame      0x000000000011e6e4       0x20 binaries/strcmp.o
                                         0x38 (size before relaxing)
 .eh_frame      0x000000000011e704       0x20 binaries/strcpy.o
                                         0x38 (size before relaxing)
 .eh_frame      0x000000000011e724       0x20 binaries/strlen.o
                                         0x38 (size before relaxing)
 .eh_frame      0x000000000011e744       0x20 binaries/strncat.o
                                         0x38 (size before relaxing)
 .eh_frame      0x000000000011e764       0x20 binaries/strncmp.o
                                         0x38 (size before relaxing)
 .eh_frame      0x000000000011e784       0x28 binaries/strncpy.o
                                         0x40 (size before relaxing)
 .eh_frame      0x000000000011e7ac       0x20 binaries/strnlen.o
                                         0x38 (size before relaxing)
 .eh_frame      0x000000000011e7cc       0x20 binaries/strrchr.o
                                         0x38 (size before relaxing)
 .eh_frame      0x000000000011e7ec       0x20 binaries/strstr.o
                                         0x38 (size before relaxing)
 .eh_frame      0x000000000011e80c       0x20 binaries/ttycontrol.o
                                         0x38 (size before relaxing)
 .eh_frame      0x000000000011e82c       0x20 binaries/ttygetc.o
                                         0x38 (size before relaxing)
 .eh_frame      0x000000000011e84c       0x80 binaries/ttyhandle_in.o
                                         0x98 (size before relaxing)
 .eh_frame      0x000000000011e8cc       0x20 binaries/ttyhandle_out.o
                                         0x38 (size before relaxing)
 .eh_frame      0x000000000011e8ec       0x20 binaries/ttyhandler.o
                                         0x38 (size before relaxing)
 .eh_frame      0x000000000011e90c       0x20 binaries/ttyinit.o
                                         0x38 (size before relaxing)
 .eh_frame      0x000000000011e92c       0x20 binaries/ttykickout.o
                                         0x38 (size before relaxing)
 .eh_frame      0x000000000011e94c       0x20 binaries/ttyputc.o
                                         0x38 (size before relaxing)
 .eh_frame      0x000000000011e96c       0x28 binaries/ttyread.o
                                         0x40 (size before relaxing)
 .eh_frame      0x000000000011e994       0x20 binaries/ttywrite.o
                                         0x38 (size before relaxing)
 .eh_frame      0x000000000011e9b4       0x40 binaries/mount.o
                                         0x58 (size before relaxing)
 .eh_frame      0x000000000011e9f4       0x20 binaries/naminit.o
                                         0x38 (size before relaxing)
 .eh_frame      0x000000000011ea14       0x60 binaries/nammap.o
                                         0x78 (size before relaxing)
 .eh_frame      0x000000000011ea74       0x20 binaries/namopen.o
                                         0x38 (size before relaxing)
 .eh_frame      0x000000000011ea94      0x150 binaries/82545EMInit.o
                                        0x168 (size before relaxing)
 .eh_frame      0x000000000011ebe4       0xa0 binaries/ethcontrol.o
                                         0xb8 (size before relaxing)
 .eh_frame      0x000000000011ec84       0x80 binaries/ethhandler.o
                                         0x98 (size before relaxing)
 .eh_frame      0x000000000011ed04       0x20 binaries/ethinit.o
                                         0x38 (size before relaxing)
 .eh_frame      0x000000000011ed24       0x60 binaries/ethread.o
                                         0x78 (size before relaxing)
 .eh_frame      0x000000000011ed84       0x60 binaries/ethwrite.o
                                         0x78 (size before relaxing)
 .eh_frame      0x000000000011ede4       0x20 binaries/rdscomm.o
                                         0x38 (size before relaxing)
 .eh_frame      0x000000000011ee04       0x20 binaries/rdscontrol.o
                                         0x38 (size before relaxing)
 .eh_frame      0x000000000011ee24       0x20 binaries/rdsinit.o
                                         0x38 (size before relaxing)
 .eh_frame      0x000000000011ee44       0x20 binaries/rdsopen.o
                                         0x38 (size before relaxing)
 .eh_frame      0x000000000011ee64       0x1c binaries/rdsprocess.o
                                         0x34 (size before relaxing)
 .eh_frame      0x000000000011ee80       0xc0 binaries/rdsqfcns.o
                                         0xd8 (size before relaxing)
 .eh_frame      0x000000000011ef40       0x20 binaries/rdsread.o
                                         0x38 (size before relaxing)
 .eh_frame      0x000000000011ef60       0x20 binaries/rdssetprio.o
                                         0x38 (size before relaxing)
 .eh_frame      0x000000000011ef80       0x20 binaries/rdswrite.o
                                         0x38 (size before relaxing)
 .eh_frame      0x000000000011efa0       0x20 binaries/ramclose.o
                                         0x38 (size before relaxing)
 .eh_frame      0x000000000011efc0       0x20 binaries/raminit.o
                                         0x38 (size before relaxing)
 .eh_frame      0x000000000011efe0       0x20 binaries/ramopen.o
                                         0x38 (size before relaxing)
 .eh_frame      0x000000000011f000       0x20 binaries/ramread.o
                                         0x38 (size before relaxing)
 .eh_frame      0x000000000011f020       0x20 binaries/ramwrite.o
                                         0x38 (size before relaxing)
 .eh_frame      0x000000000011f040       0x20 binaries/lfdballoc.o
                                         0x38 (size before relaxing)
 .eh_frame      0x000000000011f060       0x20 binaries/lfdbfree.o
                                         0x38 (size before relaxing)
 .eh_frame      0x000000000011f080       0x20 binaries/lfflush.o
                                         0x38 (size before relaxing)
 .eh_frame      0x000000000011f0a0       0x20 binaries/lfgetmode.o
                                         0x38 (size before relaxing)
 .eh_frame      0x000000000011f0c0       0x20 binaries/lfiballoc.o
                                         0x38 (size before relaxing)
 .eh_frame      0x000000000011f0e0       0x20 binaries/lfibclear.o
                                         0x38 (size before relaxing)
 .eh_frame      0x000000000011f100       0x20 binaries/lfibget.o
                                         0x38 (size before relaxing)
 .eh_frame      0x000000000011f120       0x20 binaries/lfibput.o
                                         0x38 (size before relaxing)
 .eh_frame      0x000000000011f140       0x20 binaries/lflclose.o
                                         0x38 (size before relaxing)
 .eh_frame      0x000000000011f160       0x20 binaries/lflcontrol.o
                                         0x38 (size before relaxing)
 .eh_frame      0x000000000011f180       0x20 binaries/lflgetc.o
                                         0x38 (size before relaxing)
 .eh_frame      0x000000000011f1a0       0x20 binaries/lflinit.o
                                         0x38 (size before relaxing)
 .eh_frame      0x000000000011f1c0       0x20 binaries/lflputc.o
                                         0x38 (size before relaxing)
 .eh_frame      0x000000000011f1e0       0x20 binaries/lflread.o
                                         0x38 (size before relaxing)
 .eh_frame      0x000000000011f200       0x20 binaries/lflseek.o
                                         0x38 (size before relaxing)
 .eh_frame      0x000000000011f220       0x20 binaries/lflwrite.o
                                         0x38 (size before relaxing)
 .eh_frame      0x000000000011f240       0x20 binaries/lfscheck.o
                                         0x38 (size before relaxing)
 .eh_frame      0x000000000011f260       0x20 binaries/lfsckfmt.o
                                         0x38 (size before relaxing)
 .eh_frame      0x000000000011f280       0x20 binaries/lfscreate.o
                                         0x38 (size before relaxing)
 .eh_frame      0x000000000011f2a0       0x20 binaries/lfsetup.o
                                         0x38 (size before relaxing)
 .eh_frame      0x000000000011f2c0       0x20 binaries/lfsinit.o
                                         0x38 (size before relaxing)
 .eh_frame      0x000000000011f2e0       0x20 binaries/lfsopen.o
                                         0x38 (size before relaxing)
 .eh_frame      0x000000000011f300       0x20 binaries/lftruncate.o
                                         0x38 (size before relaxing)
 .eh_frame      0x000000000011f320       0x20 binaries/rflclose.o
                                         0x38 (size before relaxing)
 .eh_frame      0x000000000011f340       0x20 binaries/rflgetc.o
                                         0x38 (size before relaxing)
 .eh_frame      0x000000000011f360       0x20 binaries/rflinit.o
                                         0x38 (size before relaxing)
 .eh_frame      0x000000000011f380       0x20 binaries/rflputc.o
                                         0x38 (size before relaxing)
 .eh_frame      0x000000000011f3a0       0x20 binaries/rflread.o
                                         0x38 (size before relaxing)
 .eh_frame      0x000000000011f3c0       0x20 binaries/rflseek.o
                                         0x38 (size before relaxing)
 .eh_frame      0x000000000011f3e0       0x20 binaries/rflwrite.o
                                         0x38 (size before relaxing)
 .eh_frame      0x000000000011f400       0x20 binaries/rfscomm.o
                                         0x38 (size before relaxing)
 .eh_frame      0x000000000011f420       0x20 binaries/rfscontrol.o
                                         0x38 (size before relaxing)
 .eh_frame      0x000000000011f440       0x20 binaries/rfsgetmode.o
                                         0x38 (size before relaxing)
 .eh_frame      0x000000000011f460       0x20 binaries/rfsinit.o
                                         0x38 (size before relaxing)
 .eh_frame      0x000000000011f480       0x20 binaries/rfsndmsg.o
                                         0x38 (size before relaxing)
 .eh_frame      0x000000000011f4a0       0x20 binaries/rfsopen.o
                                         0x38 (size before relaxing)
 .eh_frame      0x000000000011f4c0       0xc0 binaries/arp.o
                                         0xd8 (size before relaxing)
 .eh_frame      0x000000000011f580       0xa0 binaries/dhcp.o
                                         0xb8 (size before relaxing)
 .eh_frame      0x000000000011f620       0x80 binaries/dns.o
                                         0x98 (size before relaxing)
 .eh_frame      0x000000000011f6a0       0x20 binaries/dot2ip.o
                                         0x38 (size before relaxing)
 .eh_frame      0x000000000011f6c0       0x40 binaries/hexdump.o
                                         0x58 (size before relaxing)
 .eh_frame      0x000000000011f700      0x150 binaries/icmp.o
                                        0x168 (size before relaxing)
 .eh_frame      0x000000000011f850      0x11c binaries/ip.o
                                        0x134 (size before relaxing)
 .eh_frame      0x000000000011f96c       0xa0 binaries/net.o
                                         0xb8 (size before relaxing)
 .eh_frame      0x000000000011fa0c       0x60 binaries/pdump.o
                                         0x78 (size before relaxing)
 .eh_frame      0x000000000011fa6c       0x60 binaries/tftp.o
                                         0x78 (size before relaxing)
 .eh_frame      0x000000000011facc      0x140 binaries/udp.o
                                        0x158 (size before relaxing)
 .eh_frame      0x000000000011fc0c       0x20 binaries/addargs.o
                                         0x38 (size before relaxing)
 .eh_frame      0x000000000011fc2c       0x20 binaries/lexan.o
                                         0x38 (size before relaxing)
 .eh_frame      0x000000000011fc4c       0x20 binaries/shell.o
                                         0x38 (size before relaxing)
 .eh_frame      0x000000000011fc6c       0x20 binaries/xsh_argecho.o
                                         0x38 (size before relaxing)
 .eh_frame      0x000000000011fc8c       0x40 binaries/xsh_arp.o
                                         0x58 (size before relaxing)
 .eh_frame      0x000000000011fccc       0x20 binaries/xsh_cat.o
                                         0x38 (size before relaxing)
 .eh_frame      0x000000000011fcec       0x20 binaries/xsh_clear.o
                                         0x38 (size before relaxing)
 .eh_frame      0x000000000011fd0c       0x20 binaries/xsh_date.o
                                         0x38 (size before relaxing)
 .eh_frame      0x000000000011fd2c       0x20 binaries/xsh_devdump.o
                                         0x38 (size before relaxing)
 .eh_frame      0x000000000011fd4c       0x20 binaries/xsh_echo.o
                                         0x38 (size before relaxing)
 .eh_frame      0x000000000011fd6c       0x20 binaries/xsh_exit.o
                                         0x38 (size before relaxing)
 .eh_frame      0x000000000011fd8c       0x2c binaries/xsh_help.o
                                         0x44 (size before relaxing)
 .eh_frame      0x000000000011fdb8       0x20 binaries/xsh_kill.o
                                         0x38 (size before relaxing)
 .eh_frame      0x000000000011fdd8       0x2c binaries/xsh_ls.o
                                         0x44 (size before relaxing)
 .eh_frame      0x000000000011fe04       0x40 binaries/xsh_memdump.o
                                         0x58 (size before relaxing)
 .eh_frame      0x000000000011fe44       0x60 binaries/xsh_memstat.o
                                         0x78 (size before relaxing)
 .eh_frame      0x000000000011fea4       0x30 binaries/xsh_netinfo.o
                                         0x48 (size before relaxing)
 .eh_frame      0x000000000011fed4       0x30 binaries/xsh_ns.o
                                         0x48 (size before relaxing)
 .eh_frame      0x000000000011ff04       0x28 binaries/xsh_ping.o
                                         0x40 (size before relaxing)
 .eh_frame      0x000000000011ff2c       0x30 binaries/xsh_ps.o
                                         0x48 (size before relaxing)
 .eh_frame      0x000000000011ff5c       0x20 binaries/xsh_sleep.o
                                         0x38 (size before relaxing)
 .eh_frame      0x000000000011ff7c       0x20 binaries/xsh_udpdump.o
                                         0x38 (size before relaxing)
 .eh_frame      0x000000000011ff9c       0x30 binaries/xsh_udpecho.o
                                         0x48 (size before relaxing)
 .eh_frame      0x000000000011ffcc       0x28 binaries/xsh_udpserver.o
                                         0x40 (size before relaxing)
 .eh_frame      0x000000000011fff4       0x20 binaries/xsh_uptime.o
                                         0x38 (size before relaxing)

.iplt           0x0000000000120014        0x0
 .iplt          0x0000000000120014        0x0 binaries/start.o

.rel.dyn        0x0000000000120014        0x0
 .rel.got       0x0000000000120014        0x0 binaries/start.o
 .rel.iplt      0x0000000000120014        0x0 binaries/start.o
 .rel.text      0x0000000000120014        0x0 binaries/start.o

.data           0x0000000000120020      0xfe0
                0x0000000000120020                data = ABSOLUTE (.)
 *(.data .data.*)
 .data          0x0000000000120020      0x460 binaries/start.o
                0x0000000000120020                gdt
                0x0000000000120060                gdtr
                0x0000000000120066                idt
                0x0000000000120466                idtr
                0x000000000012046c                cpudelay
                0x0000000000120470                _bootdev
                0x0000000000120474                _cyloffset
 .data          0x0000000000120480       0x88 binaries/ascdate.o
                0x0000000000120480                Date
 .data          0x0000000000120508        0x0 binaries/bufinit.o
 .data          0x0000000000120508        0x0 binaries/chprio.o
 .data          0x0000000000120508        0x4 binaries/clkhandler.o
 .data          0x000000000012050c        0x0 binaries/clkinit.o
 .data          0x000000000012050c        0x0 binaries/close.o
 *fill*         0x000000000012050c       0x14 
 .data          0x0000000000120520      0x5a0 binaries/conf.o
                0x0000000000120520                devtab
 .data          0x0000000000120ac0        0x0 binaries/control.o
 .data          0x0000000000120ac0        0x0 binaries/control_reg.o
 .data          0x0000000000120ac0        0x4 binaries/create.o
 *fill*         0x0000000000120ac4       0x1c 
 .data          0x0000000000120ae0       0x40 binaries/evec.o
                0x0000000000120ae0                inames
 .data          0x0000000000120b20        0x0 binaries/exit.o
 .data          0x0000000000120b20        0x0 binaries/freebuf.o
 .data          0x0000000000120b20        0x0 binaries/freemem.o
 .data          0x0000000000120b20        0x0 binaries/getbuf.o
 .data          0x0000000000120b20        0x0 binaries/getc.o
 .data          0x0000000000120b20        0x0 binaries/getdev.o
[...]
 .comment       0x0000000000000023       0x24 binaries/tftp.o
 .comment       0x0000000000000023       0x24 binaries/udp.o
 .comment       0x0000000000000023       0x24 binaries/addargs.o
 .comment       0x0000000000000023       0x24 binaries/lexan.o
 .comment       0x0000000000000023       0x24 binaries/shell.o
 .comment       0x0000000000000023       0x24 binaries/xsh_argecho.o
 .comment       0x0000000000000023       0x24 binaries/xsh_arp.o
 .comment       0x0000000000000023       0x24 binaries/xsh_cat.o
 .comment       0x0000000000000023       0x24 binaries/xsh_clear.o
 .comment       0x0000000000000023       0x24 binaries/xsh_date.o
 .comment       0x0000000000000023       0x24 binaries/xsh_devdump.o
 .comment       0x0000000000000023       0x24 binaries/xsh_echo.o
 .comment       0x0000000000000023       0x24 binaries/xsh_exit.o
 .comment       0x0000000000000023       0x24 binaries/xsh_help.o
 .comment       0x0000000000000023       0x24 binaries/xsh_kill.o
 .comment       0x0000000000000023       0x24 binaries/xsh_ls.o
 .comment       0x0000000000000023       0x24 binaries/xsh_memdump.o
 .comment       0x0000000000000023       0x24 binaries/xsh_memstat.o
 .comment       0x0000000000000023       0x24 binaries/xsh_netinfo.o
 .comment       0x0000000000000023       0x24 binaries/xsh_ns.o
 .comment       0x0000000000000023       0x24 binaries/xsh_ping.o
 .comment       0x0000000000000023       0x24 binaries/xsh_ps.o
 .comment       0x0000000000000023       0x24 binaries/xsh_sleep.o
 .comment       0x0000000000000023       0x24 binaries/xsh_udpdump.o
 .comment       0x0000000000000023       0x24 binaries/xsh_udpecho.o
 .comment       0x0000000000000023       0x24 binaries/xsh_udpserver.o
 .comment       0x0000000000000023       0x24 binaries/xsh_uptime.o

.note.GNU-stack
                0x0000000000000000        0x0
 .note.GNU-stack
                0x0000000000000000        0x0 binaries/ascdate.o
 .note.GNU-stack
                0x0000000000000000        0x0 binaries/bufinit.o
 .note.GNU-stack
                0x0000000000000000        0x0 binaries/chprio.o
 .note.GNU-stack
                0x0000000000000000        0x0 binaries/clkhandler.o
 .note.GNU-stack
                0x0000000000000000        0x0 binaries/clkinit.o
 .note.GNU-stack
                0x0000000000000000        0x0 binaries/close.o
 .note.GNU-stack
                0x0000000000000000        0x0 binaries/conf.o
 .note.GNU-stack
                0x0000000000000000        0x0 binaries/control.o
 .note.GNU-stack
                0x0000000000000000        0x0 binaries/control_reg.o
 .note.GNU-stack
                0x0000000000000000        0x0 binaries/create.o
 .note.GNU-stack
                0x0000000000000000        0x0 binaries/evec.o
 .note.GNU-stack
                0x0000000000000000        0x0 binaries/exit.o
 .note.GNU-stack
                0x0000000000000000        0x0 binaries/freebuf.o
 .note.GNU-stack
                0x0000000000000000        0x0 binaries/freemem.o
 .note.GNU-stack
                0x0000000000000000        0x0 binaries/getbuf.o
 .note.GNU-stack
                0x0000000000000000        0x0 binaries/getc.o
 .note.GNU-stack
                0x0000000000000000        0x0 binaries/getdev.o
 .note.GNU-stack
                0x0000000000000000        0x0 binaries/getitem.o
 .note.GNU-stack
                0x0000000000000000        0x0 binaries/getmem.o
 .note.GNU-stack
                0x0000000000000000        0x0 binaries/getpid.o
 .note.GNU-stack
                0x0000000000000000        0x0 binaries/getprio.o
 .note.GNU-stack
                0x0000000000000000        0x0 binaries/getstk.o
 .note.GNU-stack
                0x0000000000000000        0x0 binaries/getticks.o
 .note.GNU-stack
                0x0000000000000000        0x0 binaries/gettime.o
 .note.GNU-stack
                0x0000000000000000        0x0 binaries/getutime.o
 .note.GNU-stack
                0x0000000000000000        0x0 binaries/i386.o
 .note.GNU-stack
                0x0000000000000000        0x0 binaries/init.o
 .note.GNU-stack
                0x0000000000000000        0x0 binaries/initialize.o
 .note.GNU-stack
                0x0000000000000000        0x0 binaries/insert.o
 .note.GNU-stack
                0x0000000000000000        0x0 binaries/insertd.o
 .note.GNU-stack
                0x0000000000000000        0x0 binaries/ioerr.o
 .note.GNU-stack
                0x0000000000000000        0x0 binaries/ionull.o
 .note.GNU-stack
                0x0000000000000000        0x0 binaries/kill.o
 .note.GNU-stack
                0x0000000000000000        0x0 binaries/kprintf.o
 .note.GNU-stack
                0x0000000000000000        0x0 binaries/main.o
 .note.GNU-stack
                0x0000000000000000        0x0 binaries/mark.o
 .note.GNU-stack
                0x0000000000000000        0x0 binaries/meminit.o
 .note.GNU-stack
                0x0000000000000000        0x0 binaries/mkbufpool.o
 .note.GNU-stack
                0x0000000000000000        0x0 binaries/newqueue.o
 .note.GNU-stack
                0x0000000000000000        0x0 binaries/open.o
 .note.GNU-stack
                0x0000000000000000        0x0 binaries/panic.o
 .note.GNU-stack
                0x0000000000000000        0x0 binaries/pci.o
 .note.GNU-stack
                0x0000000000000000        0x0 binaries/private_heap.o
 .note.GNU-stack
                0x0000000000000000        0x0 binaries/ptclear.o
 .note.GNU-stack
                0x0000000000000000        0x0 binaries/ptcount.o
 .note.GNU-stack
                0x0000000000000000        0x0 binaries/ptcreate.o
 .note.GNU-stack
                0x0000000000000000        0x0 binaries/ptdelete.o
 .note.GNU-stack
                0x0000000000000000        0x0 binaries/ptinit.o
 .note.GNU-stack
                0x0000000000000000        0x0 binaries/ptrecv.o
 .note.GNU-stack
                0x0000000000000000        0x0 binaries/ptreset.o
 .note.GNU-stack
                0x0000000000000000        0x0 binaries/ptsend.o
 .note.GNU-stack
                0x0000000000000000        0x0 binaries/putc.o
 .note.GNU-stack
                0x0000000000000000        0x0 binaries/queue.o
 .note.GNU-stack
                0x0000000000000000        0x0 binaries/read.o
 .note.GNU-stack
                0x0000000000000000        0x0 binaries/ready.o
 .note.GNU-stack
                0x0000000000000000        0x0 binaries/receive.o
 .note.GNU-stack
                0x0000000000000000        0x0 binaries/recvclr.o
 .note.GNU-stack
                0x0000000000000000        0x0 binaries/recvtime.o
 .note.GNU-stack
                0x0000000000000000        0x0 binaries/resched.o
 .note.GNU-stack
                0x0000000000000000        0x0 binaries/resume.o
 .note.GNU-stack
                0x0000000000000000        0x0 binaries/seek.o
 .note.GNU-stack
                0x0000000000000000        0x0 binaries/semcount.o
 .note.GNU-stack
                0x0000000000000000        0x0 binaries/semcreate.o
 .note.GNU-stack
                0x0000000000000000        0x0 binaries/semdelete.o
 .note.GNU-stack
                0x0000000000000000        0x0 binaries/semreset.o
 .note.GNU-stack
                0x0000000000000000        0x0 binaries/send.o
 .note.GNU-stack
                0x0000000000000000        0x0 binaries/signal.o
 .note.GNU-stack
                0x0000000000000000        0x0 binaries/signaln.o
 .note.GNU-stack
                0x0000000000000000        0x0 binaries/sleep.o
 .note.GNU-stack
                0x0000000000000000        0x0 binaries/stacktrace.o
 .note.GNU-stack
                0x0000000000000000        0x0 binaries/suspend.o
 .note.GNU-stack
                0x0000000000000000        0x0 binaries/unsleep.o
 .note.GNU-stack
                0x0000000000000000        0x0 binaries/userret.o
 .note.GNU-stack
                0x0000000000000000        0x0 binaries/utility_functions.o
 .note.GNU-stack
                0x0000000000000000        0x0 binaries/vcreate.o
 .note.GNU-stack
                0x0000000000000000        0x0 binaries/wait.o
 .note.GNU-stack
                0x0000000000000000        0x0 binaries/wakeup.o
 .note.GNU-stack
                0x0000000000000000        0x0 binaries/write.o
 .note.GNU-stack
                0x0000000000000000        0x0 binaries/xdone.o
 .note.GNU-stack
                0x0000000000000000        0x0 binaries/yield.o
 .note.GNU-stack
                0x0000000000000000        0x0 binaries/abs.o
 .note.GNU-stack
                0x0000000000000000        0x0 binaries/atoi.o
 .note.GNU-stack
                0x0000000000000000        0x0 binaries/atol.o
 .note.GNU-stack
                0x0000000000000000        0x0 binaries/bzero.o
 .note.GNU-stack
                0x0000000000000000        0x0 binaries/ctype_.o
 .note.GNU-stack
                0x0000000000000000        0x0 binaries/doprnt.o
 .note.GNU-stack
                0x0000000000000000        0x0 binaries/doscan.o
 .note.GNU-stack
                0x0000000000000000        0x0 binaries/fdoprnt.o
 .note.GNU-stack
                0x0000000000000000        0x0 binaries/fgetc.o
 .note.GNU-stack
                0x0000000000000000        0x0 binaries/fgets.o
 .note.GNU-stack
                0x0000000000000000        0x0 binaries/fprintf.o
 .note.GNU-stack
                0x0000000000000000        0x0 binaries/fputc.o
 .note.GNU-stack
                0x0000000000000000        0x0 binaries/fputs.o
 .note.GNU-stack
                0x0000000000000000        0x0 binaries/fscanf.o
 .note.GNU-stack
                0x0000000000000000        0x0 binaries/getchar.o
 .note.GNU-stack
                0x0000000000000000        0x0 binaries/labs.o
 .note.GNU-stack
                0x0000000000000000        0x0 binaries/memcmp.o
 .note.GNU-stack
                0x0000000000000000        0x0 binaries/memcpy.o
 .note.GNU-stack
                0x0000000000000000        0x0 binaries/memset.o
 .note.GNU-stack
                0x0000000000000000        0x0 binaries/printf.o
 .note.GNU-stack
                0x0000000000000000        0x0 binaries/putchar.o
 .note.GNU-stack
                0x0000000000000000        0x0 binaries/qsort.o
 .note.GNU-stack
                0x0000000000000000        0x0 binaries/rand.o
 .note.GNU-stack
                0x0000000000000000        0x0 binaries/sprintf.o
 .note.GNU-stack
                0x0000000000000000        0x0 binaries/sscanf.o
 .note.GNU-stack
                0x0000000000000000        0x0 binaries/strchr.o
 .note.GNU-stack
                0x0000000000000000        0x0 binaries/strcmp.o
 .note.GNU-stack
                0x0000000000000000        0x0 binaries/strcpy.o
 .note.GNU-stack
                0x0000000000000000        0x0 binaries/strlen.o
 .note.GNU-stack
                0x0000000000000000        0x0 binaries/strncat.o
 .note.GNU-stack
                0x0000000000000000        0x0 binaries/strncmp.o
 .note.GNU-stack
                0x0000000000000000        0x0 binaries/strncpy.o
 .note.GNU-stack
                0x0000000000000000        0x0 binaries/strnlen.o
 .note.GNU-stack
                0x0000000000000000        0x0 binaries/strrchr.o
 .note.GNU-stack
                0x0000000000000000        0x0 binaries/strstr.o
 .note.GNU-stack
                0x0000000000000000        0x0 binaries/ttycontrol.o
 .note.GNU-stack
                0x0000000000000000        0x0 binaries/ttygetc.o
 .note.GNU-stack
                0x0000000000000000        0x0 binaries/ttyhandle_in.o
 .note.GNU-stack
                0x0000000000000000        0x0 binaries/ttyhandle_out.o
 .note.GNU-stack
                0x0000000000000000        0x0 binaries/ttyhandler.o
 .note.GNU-stack
                0x0000000000000000        0x0 binaries/ttyinit.o
 .note.GNU-stack
                0x0000000000000000        0x0 binaries/ttykickout.o
 .note.GNU-stack
                0x0000000000000000        0x0 binaries/ttyputc.o
 .note.GNU-stack
                0x0000000000000000        0x0 binaries/ttyread.o
 .note.GNU-stack
                0x0000000000000000        0x0 binaries/ttywrite.o
 .note.GNU-stack
                0x0000000000000000        0x0 binaries/mount.o
 .note.GNU-stack
                0x0000000000000000        0x0 binaries/naminit.o
 .note.GNU-stack
                0x0000000000000000        0x0 binaries/nammap.o
 .note.GNU-stack
                0x0000000000000000        0x0 binaries/namopen.o
 .note.GNU-stack
                0x0000000000000000        0x0 binaries/82545EMInit.o
 .note.GNU-stack
                0x0000000000000000        0x0 binaries/ethcontrol.o
 .note.GNU-stack
                0x0000000000000000        0x0 binaries/ethhandler.o
 .note.GNU-stack
                0x0000000000000000        0x0 binaries/ethinit.o
 .note.GNU-stack
                0x0000000000000000        0x0 binaries/ethread.o
 .note.GNU-stack
                0x0000000000000000        0x0 binaries/ethwrite.o
 .note.GNU-stack
                0x0000000000000000        0x0 binaries/rdscomm.o
 .note.GNU-stack
                0x0000000000000000        0x0 binaries/rdscontrol.o
 .note.GNU-stack
                0x0000000000000000        0x0 binaries/rdsinit.o
 .note.GNU-stack
                0x0000000000000000        0x0 binaries/rdsopen.o
 .note.GNU-stack
                0x0000000000000000        0x0 binaries/rdsprocess.o
 .note.GNU-stack
                0x0000000000000000        0x0 binaries/rdsqfcns.o
 .note.GNU-stack
                0x0000000000000000        0x0 binaries/rdsread.o
 .note.GNU-stack
                0x0000000000000000        0x0 binaries/rdssetprio.o
 .note.GNU-stack
                0x0000000000000000        0x0 binaries/rdswrite.o
 .note.GNU-stack
                0x0000000000000000        0x0 binaries/ramclose.o
 .note.GNU-stack
                0x0000000000000000        0x0 binaries/raminit.o
 .note.GNU-stack
                0x0000000000000000        0x0 binaries/ramopen.o
 .note.GNU-stack
                0x0000000000000000        0x0 binaries/ramread.o
 .note.GNU-stack
                0x0000000000000000        0x0 binaries/ramwrite.o
 .note.GNU-stack
                0x0000000000000000        0x0 binaries/lfdballoc.o
 .note.GNU-stack
                0x0000000000000000        0x0 binaries/lfdbfree.o
 .note.GNU-stack
                0x0000000000000000        0x0 binaries/lfflush.o
 .note.GNU-stack
                0x0000000000000000        0x0 binaries/lfgetmode.o
 .note.GNU-stack
                0x0000000000000000        0x0 binaries/lfiballoc.o
 .note.GNU-stack
                0x0000000000000000        0x0 binaries/lfibclear.o
 .note.GNU-stack
                0x0000000000000000        0x0 binaries/lfibget.o
 .note.GNU-stack
                0x0000000000000000        0x0 binaries/lfibput.o
 .note.GNU-stack
                0x0000000000000000        0x0 binaries/lflclose.o
 .note.GNU-stack
                0x0000000000000000        0x0 binaries/lflcontrol.o
 .note.GNU-stack
                0x0000000000000000        0x0 binaries/lflgetc.o
 .note.GNU-stack
                0x0000000000000000        0x0 binaries/lflinit.o
 .note.GNU-stack
                0x0000000000000000        0x0 binaries/lflputc.o
 .note.GNU-stack
                0x0000000000000000        0x0 binaries/lflread.o
 .note.GNU-stack
                0x0000000000000000        0x0 binaries/lflseek.o
 .note.GNU-stack
                0x0000000000000000        0x0 binaries/lflwrite.o
 .note.GNU-stack
                0x0000000000000000        0x0 binaries/lfscheck.o
 .note.GNU-stack
                0x0000000000000000        0x0 binaries/lfsckfmt.o
 .note.GNU-stack
                0x0000000000000000        0x0 binaries/lfscreate.o
 .note.GNU-stack
                0x0000000000000000        0x0 binaries/lfsetup.o
 .note.GNU-stack
                0x0000000000000000        0x0 binaries/lfsinit.o
 .note.GNU-stack
                0x0000000000000000        0x0 binaries/lfsopen.o
 .note.GNU-stack
                0x0000000000000000        0x0 binaries/lftruncate.o
 .note.GNU-stack
                0x0000000000000000        0x0 binaries/rflclose.o
 .note.GNU-stack
                0x0000000000000000        0x0 binaries/rflgetc.o
 .note.GNU-stack
                0x0000000000000000        0x0 binaries/rflinit.o
 .note.GNU-stack
                0x0000000000000000        0x0 binaries/rflputc.o
 .note.GNU-stack
                0x0000000000000000        0x0 binaries/rflread.o
 .note.GNU-stack
                0x0000000000000000        0x0 binaries/rflseek.o
 .note.GNU-stack
                0x0000000000000000        0x0 binaries/rflwrite.o
 .note.GNU-stack
                0x0000000000000000        0x0 binaries/rfscomm.o
 .note.GNU-stack
                0x0000000000000000        0x0 binaries/rfscontrol.o
 .note.GNU-stack
                0x0000000000000000        0x0 binaries/rfsgetmode.o
 .note.GNU-stack
                0x0000000000000000        0x0 binaries/rfsinit.o
 .note.GNU-stack
                0x0000000000000000        0x0 binaries/rfsndmsg.o
 .note.GNU-stack
                0x0000000000000000        0x0 binaries/rfsopen.o
 .note.GNU-stack
                0x0000000000000000        0x0 binaries/arp.o
 .note.GNU-stack
                0x0000000000000000        0x0 binaries/dhcp.o
 .note.GNU-stack
                0x0000000000000000        0x0 binaries/dns.o
 .note.GNU-stack
                0x0000000000000000        0x0 binaries/dot2ip.o
 .note.GNU-stack
                0x0000000000000000        0x0 binaries/hexdump.o
 .note.GNU-stack
                0x0000000000000000        0x0 binaries/icmp.o
 .note.GNU-stack
                0x0000000000000000        0x0 binaries/ip.o
 .note.GNU-stack
                0x0000000000000000        0x0 binaries/net.o
 .note.GNU-stack
                0x0000000000000000        0x0 binaries/pdump.o
 .note.GNU-stack
                0x0000000000000000        0x0 binaries/tftp.o
 .note.GNU-stack
                0x0000000000000000        0x0 binaries/udp.o
 .note.GNU-stack
                0x0000000000000000        0x0 binaries/addargs.o
 .note.GNU-stack
                0x0000000000000000        0x0 binaries/lexan.o
 .note.GNU-stack
                0x0000000000000000        0x0 binaries/shell.o
 .note.GNU-stack
                0x0000000000000000        0x0 binaries/xsh_argecho.o
 .note.GNU-stack
                0x0000000000000000        0x0 binaries/xsh_arp.o
 .note.GNU-stack
                0x0000000000000000        0x0 binaries/xsh_cat.o
 .note.GNU-stack
                0x0000000000000000        0x0 binaries/xsh_clear.o
 .note.GNU-stack
                0x0000000000000000        0x0 binaries/xsh_date.o
 .note.GNU-stack
                0x0000000000000000        0x0 binaries/xsh_devdump.o
 .note.GNU-stack
                0x0000000000000000        0x0 binaries/xsh_echo.o
 .note.GNU-stack
                0x0000000000000000        0x0 binaries/xsh_exit.o
 .note.GNU-stack
                0x0000000000000000        0x0 binaries/xsh_help.o
 .note.GNU-stack
                0x0000000000000000        0x0 binaries/xsh_kill.o
 .note.GNU-stack
                0x0000000000000000        0x0 binaries/xsh_ls.o
 .note.GNU-stack
                0x0000000000000000        0x0 binaries/xsh_memdump.o
 .note.GNU-stack
                0x0000000000000000        0x0 binaries/xsh_memstat.o
 .note.GNU-stack
                0x0000000000000000        0x0 binaries/xsh_netinfo.o
 .note.GNU-stack
                0x0000000000000000        0x0 binaries/xsh_ns.o
 .note.GNU-stack
                0x0000000000000000        0x0 binaries/xsh_ping.o
 .note.GNU-stack
                0x0000000000000000        0x0 binaries/xsh_ps.o
 .note.GNU-stack
                0x0000000000000000        0x0 binaries/xsh_sleep.o
 .note.GNU-stack
                0x0000000000000000        0x0 binaries/xsh_udpdump.o
 .note.GNU-stack
                0x0000000000000000        0x0 binaries/xsh_udpecho.o
 .note.GNU-stack
                0x0000000000000000        0x0 binaries/xsh_udpserver.o
 .note.GNU-stack
                0x0000000000000000        0x0 binaries/xsh_uptime.o
